The target system is: Windows -  - 
The host system is: Linux - 5.15.153.1-microsoft-standard-WSL2 - x86_64
Compiling the C compiler identification source file "CMakeCCompilerId.c" succeeded.
Compiler: /usr/bin/i686-w64-mingw32-gcc -Werror;-Wall
Build flags: 
Id flags:  

The output was:
0


Compilation of the C compiler identification source "CMakeCCompilerId.c" produced "a.exe"

The C compiler identification is GNU, found in "/mnt/e/Studies/Online/Learn Advanced Modern C++/Section6/build/CMakeFiles/3.22.1/CompilerIdC/a.exe"

Compiling the CXX compiler identification source file "CMakeCXXCompilerId.cpp" succeeded.
Compiler: /usr/bin/i686-w64-mingw32-g++ -std=c++17;-Werror;-Wall
Build flags: 
Id flags:  

The output was:
0


Compilation of the CXX compiler identification source "CMakeCXXCompilerId.cpp" produced "a.exe"

Compiling the CXX compiler identification source file "CMakeCXXCompilerId.cpp" succeeded.
Compiler: /usr/bin/i686-w64-mingw32-g++ -std=c++17;-Werror;-Wall
Build flags: 
Id flags: -c 

The output was:
0


Compilation of the CXX compiler identification source "CMakeCXXCompilerId.cpp" produced "CMakeCXXCompilerId.o"

The CXX compiler identification is GNU, found in "/mnt/e/Studies/Online/Learn Advanced Modern C++/Section6/build/CMakeFiles/3.22.1/CompilerIdCXX/CMakeCXXCompilerId.o"

Determining if the C compiler works passed with the following output:
Change Dir: /mnt/e/Studies/Online/Learn Advanced Modern C++/Section6/build/CMakeFiles/CMakeTmp

Run Build Command(s):/usr/bin/gmake -f Makefile cmTC_8a98b/fast && gmake: Warning: File 'Makefile' has modification time 0.82 s in the future
/usr/bin/gmake  -f CMakeFiles/cmTC_8a98b.dir/build.make CMakeFiles/cmTC_8a98b.dir/build
gmake[1]: Entering directory '/mnt/e/Studies/Online/Learn Advanced Modern C++/Section6/build/CMakeFiles/CMakeTmp'
gmake[1]: Warning: File 'CMakeFiles/cmTC_8a98b.dir/flags.make' has modification time 0.82 s in the future
Building C object CMakeFiles/cmTC_8a98b.dir/testCCompiler.c.obj
/usr/bin/i686-w64-mingw32-gcc -Werror -Wall    -o CMakeFiles/cmTC_8a98b.dir/testCCompiler.c.obj -c "/mnt/e/Studies/Online/Learn Advanced Modern C++/Section6/build/CMakeFiles/CMakeTmp/testCCompiler.c"
Linking C executable cmTC_8a98b.exe
/usr/bin/cmake -E cmake_link_script CMakeFiles/cmTC_8a98b.dir/link.txt --verbose=1
/usr/bin/cmake -E rm -f CMakeFiles/cmTC_8a98b.dir/objects.a
/usr/bin/i686-w64-mingw32-ar qc CMakeFiles/cmTC_8a98b.dir/objects.a @CMakeFiles/cmTC_8a98b.dir/objects1.rsp
/usr/bin/i686-w64-mingw32-gcc -Werror -Wall -Wl,--whole-archive CMakeFiles/cmTC_8a98b.dir/objects.a -Wl,--no-whole-archive -o cmTC_8a98b.exe -Wl,--out-implib,libcmTC_8a98b.dll.a -Wl,--major-image-version,0,--minor-image-version,0 @CMakeFiles/cmTC_8a98b.dir/linklibs.rsp
gmake[1]: warning:  Clock skew detected.  Your build may be incomplete.
gmake[1]: Leaving directory '/mnt/e/Studies/Online/Learn Advanced Modern C++/Section6/build/CMakeFiles/CMakeTmp'
gmake: warning:  Clock skew detected.  Your build may be incomplete.



Detecting CXX compiler ABI info compiled with the following output:
Change Dir: /mnt/e/Studies/Online/Learn Advanced Modern C++/Section6/build/CMakeFiles/CMakeTmp

Run Build Command(s):/usr/bin/gmake -f Makefile cmTC_0cd79/fast && gmake: Warning: File 'Makefile' has modification time 1.5 s in the future
/usr/bin/gmake  -f CMakeFiles/cmTC_0cd79.dir/build.make CMakeFiles/cmTC_0cd79.dir/build
gmake[1]: Entering directory '/mnt/e/Studies/Online/Learn Advanced Modern C++/Section6/build/CMakeFiles/CMakeTmp'
gmake[1]: Warning: File 'CMakeFiles/cmTC_0cd79.dir/flags.make' has modification time 1.5 s in the future
Building CXX object CMakeFiles/cmTC_0cd79.dir/CMakeCXXCompilerABI.cpp.obj
/usr/bin/i686-w64-mingw32-g++ -std=c++17 -Werror -Wall   -v -o CMakeFiles/cmTC_0cd79.dir/CMakeCXXCompilerABI.cpp.obj -c /usr/share/cmake-3.22/Modules/CMakeCXXCompilerABI.cpp
Using built-in specs.
COLLECT_GCC=/usr/bin/i686-w64-mingw32-g++
Target: i686-w64-mingw32
Configured with: ../../src/configure --build=x86_64-linux-gnu --prefix=/usr --includedir='/usr/include' --mandir='/usr/share/man' --infodir='/usr/share/info' --sysconfdir=/etc --localstatedir=/var --disable-option-checking --disable-silent-rules --libdir='/usr/lib/x86_64-linux-gnu' --libexecdir='/usr/lib/x86_64-linux-gnu' --disable-maintainer-mode --disable-dependency-tracking --prefix=/usr --enable-shared --enable-static --disable-multilib --with-system-zlib --libexecdir=/usr/lib --without-included-gettext --libdir=/usr/lib --enable-libstdcxx-time=yes --with-tune=generic --with-headers --enable-version-specific-runtime-libs --enable-fully-dynamic-string --enable-libgomp --enable-languages=c,c++,fortran,objc,obj-c++,ada --enable-lto --enable-threads=win32 --program-suffix=-win32 --program-prefix=i686-w64-mingw32- --target=i686-w64-mingw32 --with-as=/usr/bin/i686-w64-mingw32-as --with-ld=/usr/bin/i686-w64-mingw32-ld --enable-libatomic --enable-libstdcxx-filesystem-ts=yes --enable-dependency-tracking SED=/bin/sed --disable-sjlj-exceptions --with-dwarf2
Thread model: win32
Supported LTO compression algorithms: zlib
gcc version 10-win32 20220113 (GCC) 
COLLECT_GCC_OPTIONS='-std=c++17' '-Werror' '-Wall' '-v' '-o' 'CMakeFiles/cmTC_0cd79.dir/CMakeCXXCompilerABI.cpp.obj' '-c' '-shared-libgcc' '-mtune=generic' '-march=pentiumpro'
 /usr/lib/gcc/i686-w64-mingw32/10-win32/cc1plus -quiet -v -U_REENTRANT /usr/share/cmake-3.22/Modules/CMakeCXXCompilerABI.cpp -quiet -dumpbase CMakeCXXCompilerABI.cpp -mtune=generic -march=pentiumpro -auxbase-strip CMakeFiles/cmTC_0cd79.dir/CMakeCXXCompilerABI.cpp.obj -Werror -Wall -std=c++17 -version -o /tmp/ccpVXxPW.s
GNU C++17 (GCC) version 10-win32 20220113 (i686-w64-mingw32)
	compiled by GNU C version 10.3.0, GMP version 6.2.1, MPFR version 4.1.0, MPC version 1.2.1, isl version isl-0.24-GMP

GGC heuristics: --param ggc-min-expand=100 --param ggc-min-heapsize=131072
ignoring nonexistent directory "/usr/lib/gcc/i686-w64-mingw32/10-win32/../../../../i686-w64-mingw32/sys-include"
#include "..." search starts here:
#include <...> search starts here:
 /usr/lib/gcc/i686-w64-mingw32/10-win32/include/c++
 /usr/lib/gcc/i686-w64-mingw32/10-win32/include/c++/i686-w64-mingw32
 /usr/lib/gcc/i686-w64-mingw32/10-win32/include/c++/backward
 /usr/lib/gcc/i686-w64-mingw32/10-win32/include
 /usr/lib/gcc/i686-w64-mingw32/10-win32/include-fixed
 /usr/lib/gcc/i686-w64-mingw32/10-win32/../../../../i686-w64-mingw32/include
End of search list.
GNU C++17 (GCC) version 10-win32 20220113 (i686-w64-mingw32)
	compiled by GNU C version 10.3.0, GMP version 6.2.1, MPFR version 4.1.0, MPC version 1.2.1, isl version isl-0.24-GMP

GGC heuristics: --param ggc-min-expand=100 --param ggc-min-heapsize=131072
Compiler executable checksum: adedc3a32daf4dc4d5e9d1e66abb79fb
COLLECT_GCC_OPTIONS='-std=c++17' '-Werror' '-Wall' '-v' '-o' 'CMakeFiles/cmTC_0cd79.dir/CMakeCXXCompilerABI.cpp.obj' '-c' '-shared-libgcc' '-mtune=generic' '-march=pentiumpro'
 /usr/bin/i686-w64-mingw32-as -v -o CMakeFiles/cmTC_0cd79.dir/CMakeCXXCompilerABI.cpp.obj /tmp/ccpVXxPW.s
GNU assembler version 2.38 (i686-w64-mingw32) using BFD version (GNU Binutils) 2.38
COMPILER_PATH=/usr/lib/gcc/i686-w64-mingw32/10-win32/:/usr/lib/gcc/i686-w64-mingw32/10-win32/:/usr/lib/gcc/i686-w64-mingw32/:/usr/lib/gcc/i686-w64-mingw32/10-win32/:/usr/lib/gcc/i686-w64-mingw32/:/usr/lib/gcc/i686-w64-mingw32/10-win32/../../../../i686-w64-mingw32/bin/
LIBRARY_PATH=/usr/lib/gcc/i686-w64-mingw32/10-win32/:/usr/lib/gcc/i686-w64-mingw32/10-win32/../../../../i686-w64-mingw32/lib/../lib/:/usr/lib/gcc/i686-w64-mingw32/10-win32/../../../../i686-w64-mingw32/lib/
COLLECT_GCC_OPTIONS='-std=c++17' '-Werror' '-Wall' '-v' '-o' 'CMakeFiles/cmTC_0cd79.dir/CMakeCXXCompilerABI.cpp.obj' '-c' '-shared-libgcc' '-mtune=generic' '-march=pentiumpro'
Linking CXX executable cmTC_0cd79.exe
/usr/bin/cmake -E cmake_link_script CMakeFiles/cmTC_0cd79.dir/link.txt --verbose=1
/usr/bin/cmake -E rm -f CMakeFiles/cmTC_0cd79.dir/objects.a
/usr/bin/i686-w64-mingw32-ar qc CMakeFiles/cmTC_0cd79.dir/objects.a @CMakeFiles/cmTC_0cd79.dir/objects1.rsp
/usr/bin/i686-w64-mingw32-g++ -std=c++17 -Werror -Wall  -v -Wl,--whole-archive CMakeFiles/cmTC_0cd79.dir/objects.a -Wl,--no-whole-archive -o cmTC_0cd79.exe -Wl,--out-implib,libcmTC_0cd79.dll.a -Wl,--major-image-version,0,--minor-image-version,0 
Using built-in specs.
COLLECT_GCC=/usr/bin/i686-w64-mingw32-g++
COLLECT_LTO_WRAPPER=/usr/lib/gcc/i686-w64-mingw32/10-win32/lto-wrapper
Target: i686-w64-mingw32
Configured with: ../../src/configure --build=x86_64-linux-gnu --prefix=/usr --includedir='/usr/include' --mandir='/usr/share/man' --infodir='/usr/share/info' --sysconfdir=/etc --localstatedir=/var --disable-option-checking --disable-silent-rules --libdir='/usr/lib/x86_64-linux-gnu' --libexecdir='/usr/lib/x86_64-linux-gnu' --disable-maintainer-mode --disable-dependency-tracking --prefix=/usr --enable-shared --enable-static --disable-multilib --with-system-zlib --libexecdir=/usr/lib --without-included-gettext --libdir=/usr/lib --enable-libstdcxx-time=yes --with-tune=generic --with-headers --enable-version-specific-runtime-libs --enable-fully-dynamic-string --enable-libgomp --enable-languages=c,c++,fortran,objc,obj-c++,ada --enable-lto --enable-threads=win32 --program-suffix=-win32 --program-prefix=i686-w64-mingw32- --target=i686-w64-mingw32 --with-as=/usr/bin/i686-w64-mingw32-as --with-ld=/usr/bin/i686-w64-mingw32-ld --enable-libatomic --enable-libstdcxx-filesystem-ts=yes --enable-dependency-tracking SED=/bin/sed --disable-sjlj-exceptions --with-dwarf2
Thread model: win32
Supported LTO compression algorithms: zlib
gcc version 10-win32 20220113 (GCC) 
COMPILER_PATH=/usr/lib/gcc/i686-w64-mingw32/10-win32/:/usr/lib/gcc/i686-w64-mingw32/10-win32/:/usr/lib/gcc/i686-w64-mingw32/:/usr/lib/gcc/i686-w64-mingw32/10-win32/:/usr/lib/gcc/i686-w64-mingw32/:/usr/lib/gcc/i686-w64-mingw32/10-win32/../../../../i686-w64-mingw32/bin/
LIBRARY_PATH=/usr/lib/gcc/i686-w64-mingw32/10-win32/:/usr/lib/gcc/i686-w64-mingw32/10-win32/../../../../i686-w64-mingw32/lib/../lib/:/usr/lib/gcc/i686-w64-mingw32/10-win32/../../../../i686-w64-mingw32/lib/
COLLECT_GCC_OPTIONS='-std=c++17' '-Werror' '-Wall' '-v' '-o' 'cmTC_0cd79.exe' '-shared-libgcc' '-mtune=generic' '-march=pentiumpro'
 /usr/lib/gcc/i686-w64-mingw32/10-win32/collect2 -plugin /usr/lib/gcc/i686-w64-mingw32/10-win32/liblto_plugin.so -plugin-opt=/usr/lib/gcc/i686-w64-mingw32/10-win32/lto-wrapper -plugin-opt=-fresolution=/tmp/ccELwC3r.res -plugin-opt=-pass-through=-lmingw32 -plugin-opt=-pass-through=-lgcc_s -plugin-opt=-pass-through=-lgcc -plugin-opt=-pass-through=-lmoldname -plugin-opt=-pass-through=-lmingwex -plugin-opt=-pass-through=-lmsvcrt -plugin-opt=-pass-through=-ladvapi32 -plugin-opt=-pass-through=-lshell32 -plugin-opt=-pass-through=-luser32 -plugin-opt=-pass-through=-lkernel32 -plugin-opt=-pass-through=-lmingw32 -plugin-opt=-pass-through=-lgcc_s -plugin-opt=-pass-through=-lgcc -plugin-opt=-pass-through=-lmoldname -plugin-opt=-pass-through=-lmingwex -plugin-opt=-pass-through=-lmsvcrt -m i386pe -Bdynamic -u ___register_frame_info -u ___deregister_frame_info -o cmTC_0cd79.exe /usr/lib/gcc/i686-w64-mingw32/10-win32/../../../../i686-w64-mingw32/lib/../lib/crt2.o /usr/lib/gcc/i686-w64-mingw32/10-win32/crtbegin.o -L/usr/lib/gcc/i686-w64-mingw32/10-win32 -L/usr/lib/gcc/i686-w64-mingw32/10-win32/../../../../i686-w64-mingw32/lib/../lib -L/usr/lib/gcc/i686-w64-mingw32/10-win32/../../../../i686-w64-mingw32/lib --whole-archive CMakeFiles/cmTC_0cd79.dir/objects.a --no-whole-archive --out-implib libcmTC_0cd79.dll.a --major-image-version 0 --minor-image-version 0 -lstdc++ -lmingw32 -lgcc_s -lgcc -lmoldname -lmingwex -lmsvcrt -ladvapi32 -lshell32 -luser32 -lkernel32 -lmingw32 -lgcc_s -lgcc -lmoldname -lmingwex -lmsvcrt /usr/lib/gcc/i686-w64-mingw32/10-win32/crtend.o
COLLECT_GCC_OPTIONS='-std=c++17' '-Werror' '-Wall' '-v' '-o' 'cmTC_0cd79.exe' '-shared-libgcc' '-mtune=generic' '-march=pentiumpro'
gmake[1]: warning:  Clock skew detected.  Your build may be incomplete.
gmake[1]: Leaving directory '/mnt/e/Studies/Online/Learn Advanced Modern C++/Section6/build/CMakeFiles/CMakeTmp'
gmake: warning:  Clock skew detected.  Your build may be incomplete.



Parsed CXX implicit include dir info from above output: rv=done
  found start of include info
  found start of implicit include info
    add: [/usr/lib/gcc/i686-w64-mingw32/10-win32/include/c++]
    add: [/usr/lib/gcc/i686-w64-mingw32/10-win32/include/c++/i686-w64-mingw32]
    add: [/usr/lib/gcc/i686-w64-mingw32/10-win32/include/c++/backward]
    add: [/usr/lib/gcc/i686-w64-mingw32/10-win32/include]
    add: [/usr/lib/gcc/i686-w64-mingw32/10-win32/include-fixed]
    add: [/usr/lib/gcc/i686-w64-mingw32/10-win32/../../../../i686-w64-mingw32/include]
  end of search list found
  collapse include dir [/usr/lib/gcc/i686-w64-mingw32/10-win32/include/c++] ==> [/usr/lib/gcc/i686-w64-mingw32/10-win32/include/c++]
  collapse include dir [/usr/lib/gcc/i686-w64-mingw32/10-win32/include/c++/i686-w64-mingw32] ==> [/usr/lib/gcc/i686-w64-mingw32/10-win32/include/c++/i686-w64-mingw32]
  collapse include dir [/usr/lib/gcc/i686-w64-mingw32/10-win32/include/c++/backward] ==> [/usr/lib/gcc/i686-w64-mingw32/10-win32/include/c++/backward]
  collapse include dir [/usr/lib/gcc/i686-w64-mingw32/10-win32/include] ==> [/usr/lib/gcc/i686-w64-mingw32/10-win32/include]
  collapse include dir [/usr/lib/gcc/i686-w64-mingw32/10-win32/include-fixed] ==> [/usr/lib/gcc/i686-w64-mingw32/10-win32/include-fixed]
  collapse include dir [/usr/lib/gcc/i686-w64-mingw32/10-win32/../../../../i686-w64-mingw32/include] ==> [/usr/i686-w64-mingw32/include]
  implicit include dirs: [/usr/lib/gcc/i686-w64-mingw32/10-win32/include/c++;/usr/lib/gcc/i686-w64-mingw32/10-win32/include/c++/i686-w64-mingw32;/usr/lib/gcc/i686-w64-mingw32/10-win32/include/c++/backward;/usr/lib/gcc/i686-w64-mingw32/10-win32/include;/usr/lib/gcc/i686-w64-mingw32/10-win32/include-fixed;/usr/i686-w64-mingw32/include]


Parsed CXX implicit link information from above output:
  link line regex: [^( *|.*[/\])(i686-w64-mingw32-ld|CMAKE_LINK_STARTFILE-NOTFOUND|([^/\]+-)?ld|collect2)[^/\]*( |$)]
  ignore line: [Change Dir: /mnt/e/Studies/Online/Learn Advanced Modern C++/Section6/build/CMakeFiles/CMakeTmp]
  ignore line: []
  ignore line: [Run Build Command(s):/usr/bin/gmake -f Makefile cmTC_0cd79/fast && gmake: Warning: File 'Makefile' has modification time 1.5 s in the future]
  ignore line: [/usr/bin/gmake  -f CMakeFiles/cmTC_0cd79.dir/build.make CMakeFiles/cmTC_0cd79.dir/build]
  ignore line: [gmake[1]: Entering directory '/mnt/e/Studies/Online/Learn Advanced Modern C++/Section6/build/CMakeFiles/CMakeTmp']
  ignore line: [gmake[1]: Warning: File 'CMakeFiles/cmTC_0cd79.dir/flags.make' has modification time 1.5 s in the future]
  ignore line: [Building CXX object CMakeFiles/cmTC_0cd79.dir/CMakeCXXCompilerABI.cpp.obj]
  ignore line: [/usr/bin/i686-w64-mingw32-g++ -std=c++17 -Werror -Wall   -v -o CMakeFiles/cmTC_0cd79.dir/CMakeCXXCompilerABI.cpp.obj -c /usr/share/cmake-3.22/Modules/CMakeCXXCompilerABI.cpp]
  ignore line: [Using built-in specs.]
  ignore line: [COLLECT_GCC=/usr/bin/i686-w64-mingw32-g++]
  ignore line: [Target: i686-w64-mingw32]
  ignore line: [Configured with: ../../src/configure --build=x86_64-linux-gnu --prefix=/usr --includedir='/usr/include' --mandir='/usr/share/man' --infodir='/usr/share/info' --sysconfdir=/etc --localstatedir=/var --disable-option-checking --disable-silent-rules --libdir='/usr/lib/x86_64-linux-gnu' --libexecdir='/usr/lib/x86_64-linux-gnu' --disable-maintainer-mode --disable-dependency-tracking --prefix=/usr --enable-shared --enable-static --disable-multilib --with-system-zlib --libexecdir=/usr/lib --without-included-gettext --libdir=/usr/lib --enable-libstdcxx-time=yes --with-tune=generic --with-headers --enable-version-specific-runtime-libs --enable-fully-dynamic-string --enable-libgomp --enable-languages=c,c++,fortran,objc,obj-c++,ada --enable-lto --enable-threads=win32 --program-suffix=-win32 --program-prefix=i686-w64-mingw32- --target=i686-w64-mingw32 --with-as=/usr/bin/i686-w64-mingw32-as --with-ld=/usr/bin/i686-w64-mingw32-ld --enable-libatomic --enable-libstdcxx-filesystem-ts=yes --enable-dependency-tracking SED=/bin/sed --disable-sjlj-exceptions --with-dwarf2]
  ignore line: [Thread model: win32]
  ignore line: [Supported LTO compression algorithms: zlib]
  ignore line: [gcc version 10-win32 20220113 (GCC) ]
  ignore line: [COLLECT_GCC_OPTIONS='-std=c++17' '-Werror' '-Wall' '-v' '-o' 'CMakeFiles/cmTC_0cd79.dir/CMakeCXXCompilerABI.cpp.obj' '-c' '-shared-libgcc' '-mtune=generic' '-march=pentiumpro']
  ignore line: [ /usr/lib/gcc/i686-w64-mingw32/10-win32/cc1plus -quiet -v -U_REENTRANT /usr/share/cmake-3.22/Modules/CMakeCXXCompilerABI.cpp -quiet -dumpbase CMakeCXXCompilerABI.cpp -mtune=generic -march=pentiumpro -auxbase-strip CMakeFiles/cmTC_0cd79.dir/CMakeCXXCompilerABI.cpp.obj -Werror -Wall -std=c++17 -version -o /tmp/ccpVXxPW.s]
  ignore line: [GNU C++17 (GCC) version 10-win32 20220113 (i686-w64-mingw32)]
  ignore line: [	compiled by GNU C version 10.3.0  GMP version 6.2.1  MPFR version 4.1.0  MPC version 1.2.1  isl version isl-0.24-GMP]
  ignore line: []
  ignore line: [GGC heuristics: --param ggc-min-expand=100 --param ggc-min-heapsize=131072]
  ignore line: [ignoring nonexistent directory "/usr/lib/gcc/i686-w64-mingw32/10-win32/../../../../i686-w64-mingw32/sys-include"]
  ignore line: [#include "..." search starts here:]
  ignore line: [#include <...> search starts here:]
  ignore line: [ /usr/lib/gcc/i686-w64-mingw32/10-win32/include/c++]
  ignore line: [ /usr/lib/gcc/i686-w64-mingw32/10-win32/include/c++/i686-w64-mingw32]
  ignore line: [ /usr/lib/gcc/i686-w64-mingw32/10-win32/include/c++/backward]
  ignore line: [ /usr/lib/gcc/i686-w64-mingw32/10-win32/include]
  ignore line: [ /usr/lib/gcc/i686-w64-mingw32/10-win32/include-fixed]
  ignore line: [ /usr/lib/gcc/i686-w64-mingw32/10-win32/../../../../i686-w64-mingw32/include]
  ignore line: [End of search list.]
  ignore line: [GNU C++17 (GCC) version 10-win32 20220113 (i686-w64-mingw32)]
  ignore line: [	compiled by GNU C version 10.3.0  GMP version 6.2.1  MPFR version 4.1.0  MPC version 1.2.1  isl version isl-0.24-GMP]
  ignore line: []
  ignore line: [GGC heuristics: --param ggc-min-expand=100 --param ggc-min-heapsize=131072]
  ignore line: [Compiler executable checksum: adedc3a32daf4dc4d5e9d1e66abb79fb]
  ignore line: [COLLECT_GCC_OPTIONS='-std=c++17' '-Werror' '-Wall' '-v' '-o' 'CMakeFiles/cmTC_0cd79.dir/CMakeCXXCompilerABI.cpp.obj' '-c' '-shared-libgcc' '-mtune=generic' '-march=pentiumpro']
  ignore line: [ /usr/bin/i686-w64-mingw32-as -v -o CMakeFiles/cmTC_0cd79.dir/CMakeCXXCompilerABI.cpp.obj /tmp/ccpVXxPW.s]
  ignore line: [GNU assembler version 2.38 (i686-w64-mingw32) using BFD version (GNU Binutils) 2.38]
  ignore line: [COMPILER_PATH=/usr/lib/gcc/i686-w64-mingw32/10-win32/:/usr/lib/gcc/i686-w64-mingw32/10-win32/:/usr/lib/gcc/i686-w64-mingw32/:/usr/lib/gcc/i686-w64-mingw32/10-win32/:/usr/lib/gcc/i686-w64-mingw32/:/usr/lib/gcc/i686-w64-mingw32/10-win32/../../../../i686-w64-mingw32/bin/]
  ignore line: [LIBRARY_PATH=/usr/lib/gcc/i686-w64-mingw32/10-win32/:/usr/lib/gcc/i686-w64-mingw32/10-win32/../../../../i686-w64-mingw32/lib/../lib/:/usr/lib/gcc/i686-w64-mingw32/10-win32/../../../../i686-w64-mingw32/lib/]
  ignore line: [COLLECT_GCC_OPTIONS='-std=c++17' '-Werror' '-Wall' '-v' '-o' 'CMakeFiles/cmTC_0cd79.dir/CMakeCXXCompilerABI.cpp.obj' '-c' '-shared-libgcc' '-mtune=generic' '-march=pentiumpro']
  ignore line: [Linking CXX executable cmTC_0cd79.exe]
  ignore line: [/usr/bin/cmake -E cmake_link_script CMakeFiles/cmTC_0cd79.dir/link.txt --verbose=1]
  ignore line: [/usr/bin/cmake -E rm -f CMakeFiles/cmTC_0cd79.dir/objects.a]
  ignore line: [/usr/bin/i686-w64-mingw32-ar qc CMakeFiles/cmTC_0cd79.dir/objects.a @CMakeFiles/cmTC_0cd79.dir/objects1.rsp]
  ignore line: [/usr/bin/i686-w64-mingw32-g++ -std=c++17 -Werror -Wall  -v -Wl --whole-archive CMakeFiles/cmTC_0cd79.dir/objects.a -Wl --no-whole-archive -o cmTC_0cd79.exe -Wl --out-implib libcmTC_0cd79.dll.a -Wl --major-image-version 0 --minor-image-version 0 ]
  ignore line: [Using built-in specs.]
  ignore line: [COLLECT_GCC=/usr/bin/i686-w64-mingw32-g++]
  ignore line: [COLLECT_LTO_WRAPPER=/usr/lib/gcc/i686-w64-mingw32/10-win32/lto-wrapper]
  ignore line: [Target: i686-w64-mingw32]
  ignore line: [Configured with: ../../src/configure --build=x86_64-linux-gnu --prefix=/usr --includedir='/usr/include' --mandir='/usr/share/man' --infodir='/usr/share/info' --sysconfdir=/etc --localstatedir=/var --disable-option-checking --disable-silent-rules --libdir='/usr/lib/x86_64-linux-gnu' --libexecdir='/usr/lib/x86_64-linux-gnu' --disable-maintainer-mode --disable-dependency-tracking --prefix=/usr --enable-shared --enable-static --disable-multilib --with-system-zlib --libexecdir=/usr/lib --without-included-gettext --libdir=/usr/lib --enable-libstdcxx-time=yes --with-tune=generic --with-headers --enable-version-specific-runtime-libs --enable-fully-dynamic-string --enable-libgomp --enable-languages=c,c++,fortran,objc,obj-c++,ada --enable-lto --enable-threads=win32 --program-suffix=-win32 --program-prefix=i686-w64-mingw32- --target=i686-w64-mingw32 --with-as=/usr/bin/i686-w64-mingw32-as --with-ld=/usr/bin/i686-w64-mingw32-ld --enable-libatomic --enable-libstdcxx-filesystem-ts=yes --enable-dependency-tracking SED=/bin/sed --disable-sjlj-exceptions --with-dwarf2]
  ignore line: [Thread model: win32]
  ignore line: [Supported LTO compression algorithms: zlib]
  ignore line: [gcc version 10-win32 20220113 (GCC) ]
  ignore line: [COMPILER_PATH=/usr/lib/gcc/i686-w64-mingw32/10-win32/:/usr/lib/gcc/i686-w64-mingw32/10-win32/:/usr/lib/gcc/i686-w64-mingw32/:/usr/lib/gcc/i686-w64-mingw32/10-win32/:/usr/lib/gcc/i686-w64-mingw32/:/usr/lib/gcc/i686-w64-mingw32/10-win32/../../../../i686-w64-mingw32/bin/]
  ignore line: [LIBRARY_PATH=/usr/lib/gcc/i686-w64-mingw32/10-win32/:/usr/lib/gcc/i686-w64-mingw32/10-win32/../../../../i686-w64-mingw32/lib/../lib/:/usr/lib/gcc/i686-w64-mingw32/10-win32/../../../../i686-w64-mingw32/lib/]
  ignore line: [COLLECT_GCC_OPTIONS='-std=c++17' '-Werror' '-Wall' '-v' '-o' 'cmTC_0cd79.exe' '-shared-libgcc' '-mtune=generic' '-march=pentiumpro']
  link line: [ /usr/lib/gcc/i686-w64-mingw32/10-win32/collect2 -plugin /usr/lib/gcc/i686-w64-mingw32/10-win32/liblto_plugin.so -plugin-opt=/usr/lib/gcc/i686-w64-mingw32/10-win32/lto-wrapper -plugin-opt=-fresolution=/tmp/ccELwC3r.res -plugin-opt=-pass-through=-lmingw32 -plugin-opt=-pass-through=-lgcc_s -plugin-opt=-pass-through=-lgcc -plugin-opt=-pass-through=-lmoldname -plugin-opt=-pass-through=-lmingwex -plugin-opt=-pass-through=-lmsvcrt -plugin-opt=-pass-through=-ladvapi32 -plugin-opt=-pass-through=-lshell32 -plugin-opt=-pass-through=-luser32 -plugin-opt=-pass-through=-lkernel32 -plugin-opt=-pass-through=-lmingw32 -plugin-opt=-pass-through=-lgcc_s -plugin-opt=-pass-through=-lgcc -plugin-opt=-pass-through=-lmoldname -plugin-opt=-pass-through=-lmingwex -plugin-opt=-pass-through=-lmsvcrt -m i386pe -Bdynamic -u ___register_frame_info -u ___deregister_frame_info -o cmTC_0cd79.exe /usr/lib/gcc/i686-w64-mingw32/10-win32/../../../../i686-w64-mingw32/lib/../lib/crt2.o /usr/lib/gcc/i686-w64-mingw32/10-win32/crtbegin.o -L/usr/lib/gcc/i686-w64-mingw32/10-win32 -L/usr/lib/gcc/i686-w64-mingw32/10-win32/../../../../i686-w64-mingw32/lib/../lib -L/usr/lib/gcc/i686-w64-mingw32/10-win32/../../../../i686-w64-mingw32/lib --whole-archive CMakeFiles/cmTC_0cd79.dir/objects.a --no-whole-archive --out-implib libcmTC_0cd79.dll.a --major-image-version 0 --minor-image-version 0 -lstdc++ -lmingw32 -lgcc_s -lgcc -lmoldname -lmingwex -lmsvcrt -ladvapi32 -lshell32 -luser32 -lkernel32 -lmingw32 -lgcc_s -lgcc -lmoldname -lmingwex -lmsvcrt /usr/lib/gcc/i686-w64-mingw32/10-win32/crtend.o]
    arg [/usr/lib/gcc/i686-w64-mingw32/10-win32/collect2] ==> ignore
    arg [-plugin] ==> ignore
    arg [/usr/lib/gcc/i686-w64-mingw32/10-win32/liblto_plugin.so] ==> ignore
    arg [-plugin-opt=/usr/lib/gcc/i686-w64-mingw32/10-win32/lto-wrapper] ==> ignore
    arg [-plugin-opt=-fresolution=/tmp/ccELwC3r.res] ==> ignore
    arg [-plugin-opt=-pass-through=-lmingw32] ==> ignore
    arg [-plugin-opt=-pass-through=-lgcc_s] ==> ignore
    arg [-plugin-opt=-pass-through=-lgcc] ==> ignore
    arg [-plugin-opt=-pass-through=-lmoldname] ==> ignore
    arg [-plugin-opt=-pass-through=-lmingwex] ==> ignore
    arg [-plugin-opt=-pass-through=-lmsvcrt] ==> ignore
    arg [-plugin-opt=-pass-through=-ladvapi32] ==> ignore
    arg [-plugin-opt=-pass-through=-lshell32] ==> ignore
    arg [-plugin-opt=-pass-through=-luser32] ==> ignore
    arg [-plugin-opt=-pass-through=-lkernel32] ==> ignore
    arg [-plugin-opt=-pass-through=-lmingw32] ==> ignore
    arg [-plugin-opt=-pass-through=-lgcc_s] ==> ignore
    arg [-plugin-opt=-pass-through=-lgcc] ==> ignore
    arg [-plugin-opt=-pass-through=-lmoldname] ==> ignore
    arg [-plugin-opt=-pass-through=-lmingwex] ==> ignore
    arg [-plugin-opt=-pass-through=-lmsvcrt] ==> ignore
    arg [-m] ==> ignore
    arg [i386pe] ==> ignore
    arg [-Bdynamic] ==> search dynamic
    arg [-u] ==> ignore
    arg [___register_frame_info] ==> ignore
    arg [-u] ==> ignore
    arg [___deregister_frame_info] ==> ignore
    arg [-o] ==> ignore
    arg [cmTC_0cd79.exe] ==> ignore
    arg [/usr/lib/gcc/i686-w64-mingw32/10-win32/../../../../i686-w64-mingw32/lib/../lib/crt2.o] ==> obj [/usr/lib/gcc/i686-w64-mingw32/10-win32/../../../../i686-w64-mingw32/lib/../lib/crt2.o]
    arg [/usr/lib/gcc/i686-w64-mingw32/10-win32/crtbegin.o] ==> obj [/usr/lib/gcc/i686-w64-mingw32/10-win32/crtbegin.o]
    arg [-L/usr/lib/gcc/i686-w64-mingw32/10-win32] ==> dir [/usr/lib/gcc/i686-w64-mingw32/10-win32]
    arg [-L/usr/lib/gcc/i686-w64-mingw32/10-win32/../../../../i686-w64-mingw32/lib/../lib] ==> dir [/usr/lib/gcc/i686-w64-mingw32/10-win32/../../../../i686-w64-mingw32/lib/../lib]
    arg [-L/usr/lib/gcc/i686-w64-mingw32/10-win32/../../../../i686-w64-mingw32/lib] ==> dir [/usr/lib/gcc/i686-w64-mingw32/10-win32/../../../../i686-w64-mingw32/lib]
    arg [--whole-archive] ==> ignore
    arg [CMakeFiles/cmTC_0cd79.dir/objects.a] ==> ignore
    arg [--no-whole-archive] ==> ignore
    arg [--out-implib] ==> ignore
    arg [libcmTC_0cd79.dll.a] ==> ignore
    arg [--major-image-version] ==> ignore
    arg [0] ==> ignore
    arg [--minor-image-version] ==> ignore
    arg [0] ==> ignore
    arg [-lstdc++] ==> lib [stdc++]
    arg [-lmingw32] ==> lib [mingw32]
    arg [-lgcc_s] ==> lib [gcc_s]
    arg [-lgcc] ==> lib [gcc]
    arg [-lmoldname] ==> lib [moldname]
    arg [-lmingwex] ==> lib [mingwex]
    arg [-lmsvcrt] ==> lib [msvcrt]
    arg [-ladvapi32] ==> lib [advapi32]
    arg [-lshell32] ==> lib [shell32]
    arg [-luser32] ==> lib [user32]
    arg [-lkernel32] ==> lib [kernel32]
    arg [-lmingw32] ==> lib [mingw32]
    arg [-lgcc_s] ==> lib [gcc_s]
    arg [-lgcc] ==> lib [gcc]
    arg [-lmoldname] ==> lib [moldname]
    arg [-lmingwex] ==> lib [mingwex]
    arg [-lmsvcrt] ==> lib [msvcrt]
    arg [/usr/lib/gcc/i686-w64-mingw32/10-win32/crtend.o] ==> obj [/usr/lib/gcc/i686-w64-mingw32/10-win32/crtend.o]
  remove lib [msvcrt]
  remove lib [msvcrt]
  collapse obj [/usr/lib/gcc/i686-w64-mingw32/10-win32/../../../../i686-w64-mingw32/lib/../lib/crt2.o] ==> [/usr/i686-w64-mingw32/lib/crt2.o]
  collapse library dir [/usr/lib/gcc/i686-w64-mingw32/10-win32] ==> [/usr/lib/gcc/i686-w64-mingw32/10-win32]
  collapse library dir [/usr/lib/gcc/i686-w64-mingw32/10-win32/../../../../i686-w64-mingw32/lib/../lib] ==> [/usr/i686-w64-mingw32/lib]
  collapse library dir [/usr/lib/gcc/i686-w64-mingw32/10-win32/../../../../i686-w64-mingw32/lib] ==> [/usr/i686-w64-mingw32/lib]
  implicit libs: [stdc++;mingw32;gcc_s;gcc;moldname;mingwex;advapi32;shell32;user32;kernel32;mingw32;gcc_s;gcc;moldname;mingwex]
  implicit objs: [/usr/i686-w64-mingw32/lib/crt2.o;/usr/lib/gcc/i686-w64-mingw32/10-win32/crtbegin.o;/usr/lib/gcc/i686-w64-mingw32/10-win32/crtend.o]
  implicit dirs: [/usr/lib/gcc/i686-w64-mingw32/10-win32;/usr/i686-w64-mingw32/lib]
  implicit fwks: []


