The CXX compiler identification could not be found in "/mnt/e/Studies/Online/Learn Advanced Modern C++/Section6/build/CMakeFiles/3.22.1/CompilerIdCXX/a.exe"

Detecting C compiler ABI info failed to compile with the following output:
Change Dir: /mnt/e/Studies/Online/Learn Advanced Modern C++/Section6/build/CMakeFiles/CMakeTmp

Run Build Command(s):/usr/bin/gmake -f Makefile cmTC_6a8eb/fast && gmake: Warning: File 'Makefile' has modification time 0.82 s in the future
/usr/bin/gmake  -f CMakeFiles/cmTC_6a8eb.dir/build.make CMakeFiles/cmTC_6a8eb.dir/build
gmake[1]: Entering directory '/mnt/e/Studies/Online/Learn Advanced Modern C++/Section6/build/CMakeFiles/CMakeTmp'
gmake[1]: Warning: File 'CMakeFiles/cmTC_6a8eb.dir/flags.make' has modification time 0.81 s in the future
Building C object CMakeFiles/cmTC_6a8eb.dir/CMakeCCompilerABI.c.obj
/usr/bin/i686-w64-mingw32-gcc -Werror -Wall   -v -o CMakeFiles/cmTC_6a8eb.dir/CMakeCCompilerABI.c.obj -c /usr/share/cmake-3.22/Modules/CMakeCCompilerABI.c
Using built-in specs.
COLLECT_GCC=/usr/bin/i686-w64-mingw32-gcc
Target: i686-w64-mingw32
Configured with: ../../src/configure --build=x86_64-linux-gnu --prefix=/usr --includedir='/usr/include' --mandir='/usr/share/man' --infodir='/usr/share/info' --sysconfdir=/etc --localstatedir=/var --disable-option-checking --disable-silent-rules --libdir='/usr/lib/x86_64-linux-gnu' --libexecdir='/usr/lib/x86_64-linux-gnu' --disable-maintainer-mode --disable-dependency-tracking --prefix=/usr --enable-shared --enable-static --disable-multilib --with-system-zlib --libexecdir=/usr/lib --without-included-gettext --libdir=/usr/lib --enable-libstdcxx-time=yes --with-tune=generic --with-headers --enable-version-specific-runtime-libs --enable-fully-dynamic-string --enable-libgomp --enable-languages=c,c++,fortran,objc,obj-c++,ada --enable-lto --enable-threads=win32 --program-suffix=-win32 --program-prefix=i686-w64-mingw32- --target=i686-w64-mingw32 --with-as=/usr/bin/i686-w64-mingw32-as --with-ld=/usr/bin/i686-w64-mingw32-ld --enable-libatomic --enable-libstdcxx-filesystem-ts=yes --enable-dependency-tracking SED=/bin/sed --disable-sjlj-exceptions --with-dwarf2
Thread model: win32
Supported LTO compression algorithms: zlib
gcc version 10-win32 20220113 (GCC) 
COLLECT_GCC_OPTIONS='-Werror' '-Wall' '-v' '-o' 'CMakeFiles/cmTC_6a8eb.dir/CMakeCCompilerABI.c.obj' '-c' '-mtune=generic' '-march=pentiumpro'
 /usr/lib/gcc/i686-w64-mingw32/10-win32/cc1 -quiet -v -U_REENTRANT /usr/share/cmake-3.22/Modules/CMakeCCompilerABI.c -quiet -dumpbase CMakeCCompilerABI.c -mtune=generic -march=pentiumpro -auxbase-strip CMakeFiles/cmTC_6a8eb.dir/CMakeCCompilerABI.c.obj -Werror -Wall -version -o /tmp/ccWKfQ6L.s
GNU C17 (GCC) version 10-win32 20220113 (i686-w64-mingw32)
	compiled by GNU C version 10.3.0, GMP version 6.2.1, MPFR version 4.1.0, MPC version 1.2.1, isl version isl-0.24-GMP

GGC heuristics: --param ggc-min-expand=100 --param ggc-min-heapsize=131072
ignoring nonexistent directory "/usr/lib/gcc/i686-w64-mingw32/10-win32/../../../../i686-w64-mingw32/sys-include"
#include "..." search starts here:
#include <...> search starts here:
 /usr/lib/gcc/i686-w64-mingw32/10-win32/include
 /usr/lib/gcc/i686-w64-mingw32/10-win32/include-fixed
 /usr/lib/gcc/i686-w64-mingw32/10-win32/../../../../i686-w64-mingw32/include
End of search list.
GNU C17 (GCC) version 10-win32 20220113 (i686-w64-mingw32)
	compiled by GNU C version 10.3.0, GMP version 6.2.1, MPFR version 4.1.0, MPC version 1.2.1, isl version isl-0.24-GMP

GGC heuristics: --param ggc-min-expand=100 --param ggc-min-heapsize=131072
Compiler executable checksum: a8fda8064eb890747da80c315769ec83
COLLECT_GCC_OPTIONS='-Werror' '-Wall' '-v' '-o' 'CMakeFiles/cmTC_6a8eb.dir/CMakeCCompilerABI.c.obj' '-c' '-mtune=generic' '-march=pentiumpro'
 /usr/bin/i686-w64-mingw32-as -v -o CMakeFiles/cmTC_6a8eb.dir/CMakeCCompilerABI.c.obj /tmp/ccWKfQ6L.s
GNU assembler version 2.38 (i686-w64-mingw32) using BFD version (GNU Binutils) 2.38
COMPILER_PATH=/usr/lib/gcc/i686-w64-mingw32/10-win32/:/usr/lib/gcc/i686-w64-mingw32/10-win32/:/usr/lib/gcc/i686-w64-mingw32/:/usr/lib/gcc/i686-w64-mingw32/10-win32/:/usr/lib/gcc/i686-w64-mingw32/:/usr/lib/gcc/i686-w64-mingw32/10-win32/../../../../i686-w64-mingw32/bin/
LIBRARY_PATH=/usr/lib/gcc/i686-w64-mingw32/10-win32/:/usr/lib/gcc/i686-w64-mingw32/10-win32/../../../../i686-w64-mingw32/lib/../lib/:/usr/lib/gcc/i686-w64-mingw32/10-win32/../../../../i686-w64-mingw32/lib/
COLLECT_GCC_OPTIONS='-Werror' '-Wall' '-v' '-o' 'CMakeFiles/cmTC_6a8eb.dir/CMakeCCompilerABI.c.obj' '-c' '-mtune=generic' '-march=pentiumpro'
Linking C executable cmTC_6a8eb.exe
/usr/bin/cmake -E cmake_link_script CMakeFiles/cmTC_6a8eb.dir/link.txt --verbose=1
/usr/bin/cmake -E rm -f CMakeFiles/cmTC_6a8eb.dir/objects.a
/usr/bin/i686-w64-mingw32-ar qc CMakeFiles/cmTC_6a8eb.dir/objects.a @CMakeFiles/cmTC_6a8eb.dir/objects1.rsp
/usr/bin/i686-w64-mingw32-gcc -Werror -Wall  -v -Wl,--whole-archive CMakeFiles/cmTC_6a8eb.dir/objects.a -Wl,--no-whole-archive -o cmTC_6a8eb.exe -Wl,--out-implib,libcmTC_6a8eb.dll.a -Wl,--major-image-version,0,--minor-image-version,0 
Using built-in specs.
COLLECT_GCC=/usr/bin/i686-w64-mingw32-gcc
COLLECT_LTO_WRAPPER=/usr/lib/gcc/i686-w64-mingw32/10-win32/lto-wrapper
Target: i686-w64-mingw32
Configured with: ../../src/configure --build=x86_64-linux-gnu --prefix=/usr --includedir='/usr/include' --mandir='/usr/share/man' --infodir='/usr/share/info' --sysconfdir=/etc --localstatedir=/var --disable-option-checking --disable-silent-rules --libdir='/usr/lib/x86_64-linux-gnu' --libexecdir='/usr/lib/x86_64-linux-gnu' --disable-maintainer-mode --disable-dependency-tracking --prefix=/usr --enable-shared --enable-static --disable-multilib --with-system-zlib --libexecdir=/usr/lib --without-included-gettext --libdir=/usr/lib --enable-libstdcxx-time=yes --with-tune=generic --with-headers --enable-version-specific-runtime-libs --enable-fully-dynamic-string --enable-libgomp --enable-languages=c,c++,fortran,objc,obj-c++,ada --enable-lto --enable-threads=win32 --program-suffix=-win32 --program-prefix=i686-w64-mingw32- --target=i686-w64-mingw32 --with-as=/usr/bin/i686-w64-mingw32-as --with-ld=/usr/bin/i686-w64-mingw32-ld --enable-libatomic --enable-libstdcxx-filesystem-ts=yes --enable-dependency-tracking SED=/bin/sed --disable-sjlj-exceptions --with-dwarf2
Thread model: win32
Supported LTO compression algorithms: zlib
gcc version 10-win32 20220113 (GCC) 
COMPILER_PATH=/usr/lib/gcc/i686-w64-mingw32/10-win32/:/usr/lib/gcc/i686-w64-mingw32/10-win32/:/usr/lib/gcc/i686-w64-mingw32/:/usr/lib/gcc/i686-w64-mingw32/10-win32/:/usr/lib/gcc/i686-w64-mingw32/:/usr/lib/gcc/i686-w64-mingw32/10-win32/../../../../i686-w64-mingw32/bin/
LIBRARY_PATH=/usr/lib/gcc/i686-w64-mingw32/10-win32/:/usr/lib/gcc/i686-w64-mingw32/10-win32/../../../../i686-w64-mingw32/lib/../lib/:/usr/lib/gcc/i686-w64-mingw32/10-win32/../../../../i686-w64-mingw32/lib/
COLLECT_GCC_OPTIONS='-Werror' '-Wall' '-v' '-o' 'cmTC_6a8eb.exe' '-mtune=generic' '-march=pentiumpro'
 /usr/lib/gcc/i686-w64-mingw32/10-win32/collect2 -plugin /usr/lib/gcc/i686-w64-mingw32/10-win32/liblto_plugin.so -plugin-opt=/usr/lib/gcc/i686-w64-mingw32/10-win32/lto-wrapper -plugin-opt=-fresolution=/tmp/cclAeP3s.res -plugin-opt=-pass-through=-lmingw32 -plugin-opt=-pass-through=-lgcc -plugin-opt=-pass-through=-lgcc_eh -plugin-opt=-pass-through=-lmoldname -plugin-opt=-pass-through=-lmingwex -plugin-opt=-pass-through=-lmsvcrt -plugin-opt=-pass-through=-ladvapi32 -plugin-opt=-pass-through=-lshell32 -plugin-opt=-pass-through=-luser32 -plugin-opt=-pass-through=-lkernel32 -plugin-opt=-pass-through=-lmingw32 -plugin-opt=-pass-through=-lgcc -plugin-opt=-pass-through=-lgcc_eh -plugin-opt=-pass-through=-lmoldname -plugin-opt=-pass-through=-lmingwex -plugin-opt=-pass-through=-lmsvcrt -m i386pe -Bdynamic -o cmTC_6a8eb.exe /usr/lib/gcc/i686-w64-mingw32/10-win32/../../../../i686-w64-mingw32/lib/../lib/crt2.o /usr/lib/gcc/i686-w64-mingw32/10-win32/crtbegin.o -L/usr/lib/gcc/i686-w64-mingw32/10-win32 -L/usr/lib/gcc/i686-w64-mingw32/10-win32/../../../../i686-w64-mingw32/lib/../lib -L/usr/lib/gcc/i686-w64-mingw32/10-win32/../../../../i686-w64-mingw32/lib --whole-archive CMakeFiles/cmTC_6a8eb.dir/objects.a --no-whole-archive --out-implib libcmTC_6a8eb.dll.a --major-image-version 0 --minor-image-version 0 -lmingw32 -lgcc -lgcc_eh -lmoldname -lmingwex -lmsvcrt -ladvapi32 -lshell32 -luser32 -lkernel32 -lmingw32 -lgcc -lgcc_eh -lmoldname -lmingwex -lmsvcrt /usr/lib/gcc/i686-w64-mingw32/10-win32/crtend.o
COLLECT_GCC_OPTIONS='-Werror' '-Wall' '-v' '-o' 'cmTC_6a8eb.exe' '-mtune=generic' '-march=pentiumpro'
gmake[1]: warning:  Clock skew detected.  Your build may be incomplete.
gmake[1]: Leaving directory '/mnt/e/Studies/Online/Learn Advanced Modern C++/Section6/build/CMakeFiles/CMakeTmp'
gmake: warning:  Clock skew detected.  Your build may be incomplete.


Cannot copy output executable
  '/mnt/e/Studies/Online/Learn Advanced Modern C++/Section6/build/CMakeFiles/CMakeTmp/cmTC_6a8eb.exe'
to destination specified by COPY_FILE:
  '/mnt/e/Studies/Online/Learn Advanced Modern C++/Section6/build/CMakeFiles/3.22.1/CMakeDetermineCompilerABI_C.bin'


