Compiling the C compiler identification source file "CMakeCCompilerId.c" failed.
Compiler: -std=c++17 -Werror;-Wall;i686-w64-mingw32-gcc
Build flags: 
Id flags:  

The output was:
Permission denied


Compiling the C compiler identification source file "CMakeCCompilerId.c" failed.
Compiler: -std=c++17 -Werror;-Wall;i686-w64-mingw32-gcc
Build flags: 
Id flags: -c 

The output was:
Permission denied


Compiling the C compiler identification source file "CMakeCCompilerId.c" failed.
Compiler: -std=c++17 -Werror;-Wall;i686-w64-mingw32-gcc
Build flags: 
Id flags: -Aa 

The output was:
Permission denied


Compiling the C compiler identification source file "CMakeCCompilerId.c" failed.
Compiler: -std=c++17 -Werror;-Wall;i686-w64-mingw32-gcc
Build flags: 
Id flags: -D__CLASSIC_C__ 

The output was:
Permission denied


Compiling the C compiler identification source file "CMakeCCompilerId.c" failed.
Compiler: -std=c++17 -Werror;-Wall;i686-w64-mingw32-gcc
Build flags: 
Id flags: --target=arm-arm-none-eabi;-mcpu=cortex-m3 

The output was:
Permission denied


Compiling the C compiler identification source file "CMakeCCompilerId.c" failed.
Compiler: -std=c++17 -Werror;-Wall;i686-w64-mingw32-gcc
Build flags: 
Id flags: -c;-I__does_not_exist__ 

The output was:
Permission denied


Compiling the C compiler identification source file "CMakeCCompilerId.c" failed.
Compiler: -std=c++17 -Werror;-Wall;i686-w64-mingw32-gcc
Build flags: 
Id flags:  

The output was:
Permission denied


Compiling the C compiler identification source file "CMakeCCompilerId.c" failed.
Compiler: -std=c++17 -Werror;-Wall;i686-w64-mingw32-gcc
Build flags: 
Id flags: -c 

The output was:
Permission denied


Compiling the C compiler identification source file "CMakeCCompilerId.c" failed.
Compiler: -std=c++17 -Werror;-Wall;i686-w64-mingw32-gcc
Build flags: 
Id flags: -Aa 

The output was:
Permission denied


Compiling the C compiler identification source file "CMakeCCompilerId.c" failed.
Compiler: -std=c++17 -Werror;-Wall;i686-w64-mingw32-gcc
Build flags: 
Id flags: -D__CLASSIC_C__ 

The output was:
Permission denied


Compiling the C compiler identification source file "CMakeCCompilerId.c" failed.
Compiler: -std=c++17 -Werror;-Wall;i686-w64-mingw32-gcc
Build flags: 
Id flags: --target=arm-arm-none-eabi;-mcpu=cortex-m3 

The output was:
Permission denied


Compiling the C compiler identification source file "CMakeCCompilerId.c" failed.
Compiler: -std=c++17 -Werror;-Wall;i686-w64-mingw32-gcc
Build flags: 
Id flags: -c;-I__does_not_exist__ 

The output was:
Permission denied


Checking whether the C compiler is IAR using "" did not match "IAR .+ Compiler":
Checking whether the C compiler is IAR using "" did not match "IAR .+ Compiler":
Compiling the CXX compiler identification source file "CMakeCXXCompilerId.cpp" failed.
Compiler: -std=c++17 -Werror;-Wall;i686-w64-mingw32-g++
Build flags: 
Id flags:  

The output was:
Permission denied


Compiling the CXX compiler identification source file "CMakeCXXCompilerId.cpp" failed.
Compiler: -std=c++17 -Werror;-Wall;i686-w64-mingw32-g++
Build flags: 
Id flags: -c 

The output was:
Permission denied


Compiling the CXX compiler identification source file "CMakeCXXCompilerId.cpp" failed.
Compiler: -std=c++17 -Werror;-Wall;i686-w64-mingw32-g++
Build flags: 
Id flags: --c++ 

The output was:
Permission denied


Compiling the CXX compiler identification source file "CMakeCXXCompilerId.cpp" failed.
Compiler: -std=c++17 -Werror;-Wall;i686-w64-mingw32-g++
Build flags: 
Id flags: --ec++ 

The output was:
Permission denied


Compiling the CXX compiler identification source file "CMakeCXXCompilerId.cpp" failed.
Compiler: -std=c++17 -Werror;-Wall;i686-w64-mingw32-g++
Build flags: 
Id flags: --target=arm-arm-none-eabi;-mcpu=cortex-m3 

The output was:
Permission denied


Compiling the CXX compiler identification source file "CMakeCXXCompilerId.cpp" failed.
Compiler: -std=c++17 -Werror;-Wall;i686-w64-mingw32-g++
Build flags: 
Id flags: -c;-I__does_not_exist__ 

The output was:
Permission denied


Compiling the CXX compiler identification source file "CMakeCXXCompilerId.cpp" failed.
Compiler: -std=c++17 -Werror;-Wall;i686-w64-mingw32-g++
Build flags: 
Id flags:  

The output was:
Permission denied


Compiling the CXX compiler identification source file "CMakeCXXCompilerId.cpp" failed.
Compiler: -std=c++17 -Werror;-Wall;i686-w64-mingw32-g++
Build flags: 
Id flags: -c 

The output was:
Permission denied


Compiling the CXX compiler identification source file "CMakeCXXCompilerId.cpp" failed.
Compiler: -std=c++17 -Werror;-Wall;i686-w64-mingw32-g++
Build flags: 
Id flags: --c++ 

The output was:
Permission denied


Compiling the CXX compiler identification source file "CMakeCXXCompilerId.cpp" failed.
Compiler: -std=c++17 -Werror;-Wall;i686-w64-mingw32-g++
Build flags: 
Id flags: --ec++ 

The output was:
Permission denied


Compiling the CXX compiler identification source file "CMakeCXXCompilerId.cpp" failed.
Compiler: -std=c++17 -Werror;-Wall;i686-w64-mingw32-g++
Build flags: 
Id flags: --target=arm-arm-none-eabi;-mcpu=cortex-m3 

The output was:
Permission denied


Compiling the CXX compiler identification source file "CMakeCXXCompilerId.cpp" failed.
Compiler: -std=c++17 -Werror;-Wall;i686-w64-mingw32-g++
Build flags: 
Id flags: -c;-I__does_not_exist__ 

The output was:
Permission denied


Checking whether the CXX compiler is IAR using "" did not match "IAR .+ Compiler":
Checking whether the CXX compiler is IAR using "" did not match "IAR .+ Compiler":
Compiling the C compiler identification source file "CMakeCCompilerId.c" failed.
Compiler: /usr/bin/i686-w64-mingw32-gcc -std=c++17;-Werror;-Wall
Build flags: 
Id flags:  

The output was:
1
cc1: error: command-line option ‘-std=c++17’ is valid for C++/ObjC++ but not for C [-Werror]
cc1: all warnings being treated as errors


Compiling the C compiler identification source file "CMakeCCompilerId.c" failed.
Compiler: /usr/bin/i686-w64-mingw32-gcc -std=c++17;-Werror;-Wall
Build flags: 
Id flags: -c 

The output was:
1
cc1: error: command-line option ‘-std=c++17’ is valid for C++/ObjC++ but not for C [-Werror]
cc1: all warnings being treated as errors


Compiling the C compiler identification source file "CMakeCCompilerId.c" failed.
Compiler: /usr/bin/i686-w64-mingw32-gcc -std=c++17;-Werror;-Wall
Build flags: 
Id flags: -Aa 

The output was:
1
cc1: error: command-line option ‘-std=c++17’ is valid for C++/ObjC++ but not for C [-Werror]
<command-line>: error: missing '(' after predicate
cc1: all warnings being treated as errors


Compiling the C compiler identification source file "CMakeCCompilerId.c" failed.
Compiler: /usr/bin/i686-w64-mingw32-gcc -std=c++17;-Werror;-Wall
Build flags: 
Id flags: -D__CLASSIC_C__ 

The output was:
1
cc1: error: command-line option ‘-std=c++17’ is valid for C++/ObjC++ but not for C [-Werror]
cc1: all warnings being treated as errors


Compiling the C compiler identification source file "CMakeCCompilerId.c" failed.
Compiler: /usr/bin/i686-w64-mingw32-gcc -std=c++17;-Werror;-Wall
Build flags: 
Id flags: --target=arm-arm-none-eabi;-mcpu=cortex-m3 

The output was:
1
i686-w64-mingw32-gcc: warning: ‘-mcpu=’ is deprecated; use ‘-mtune=’ or ‘-march=’ instead
i686-w64-mingw32-gcc: error: unrecognized command-line option ‘--target=arm-arm-none-eabi’


Compiling the C compiler identification source file "CMakeCCompilerId.c" failed.
Compiler: /usr/bin/i686-w64-mingw32-gcc -std=c++17;-Werror;-Wall
Build flags: 
Id flags: -c;-I__does_not_exist__ 

The output was:
1
cc1: error: command-line option ‘-std=c++17’ is valid for C++/ObjC++ but not for C [-Werror]
cc1: all warnings being treated as errors


Compiling the C compiler identification source file "CMakeCCompilerId.c" failed.
Compiler: /usr/bin/i686-w64-mingw32-gcc -std=c++17;-Werror;-Wall
Build flags: 
Id flags:  

The output was:
1
cc1: error: command-line option ‘-std=c++17’ is valid for C++/ObjC++ but not for C [-Werror]
cc1: all warnings being treated as errors


Compiling the C compiler identification source file "CMakeCCompilerId.c" failed.
Compiler: /usr/bin/i686-w64-mingw32-gcc -std=c++17;-Werror;-Wall
Build flags: 
Id flags: -c 

The output was:
1
cc1: error: command-line option ‘-std=c++17’ is valid for C++/ObjC++ but not for C [-Werror]
cc1: all warnings being treated as errors


Compiling the C compiler identification source file "CMakeCCompilerId.c" failed.
Compiler: /usr/bin/i686-w64-mingw32-gcc -std=c++17;-Werror;-Wall
Build flags: 
Id flags: -Aa 

The output was:
1
cc1: error: command-line option ‘-std=c++17’ is valid for C++/ObjC++ but not for C [-Werror]
<command-line>: error: missing '(' after predicate
cc1: all warnings being treated as errors


Compiling the C compiler identification source file "CMakeCCompilerId.c" failed.
Compiler: /usr/bin/i686-w64-mingw32-gcc -std=c++17;-Werror;-Wall
Build flags: 
Id flags: -D__CLASSIC_C__ 

The output was:
1
cc1: error: command-line option ‘-std=c++17’ is valid for C++/ObjC++ but not for C [-Werror]
cc1: all warnings being treated as errors


Compiling the C compiler identification source file "CMakeCCompilerId.c" failed.
Compiler: /usr/bin/i686-w64-mingw32-gcc -std=c++17;-Werror;-Wall
Build flags: 
Id flags: --target=arm-arm-none-eabi;-mcpu=cortex-m3 

The output was:
1
i686-w64-mingw32-gcc: warning: ‘-mcpu=’ is deprecated; use ‘-mtune=’ or ‘-march=’ instead
i686-w64-mingw32-gcc: error: unrecognized command-line option ‘--target=arm-arm-none-eabi’


Compiling the C compiler identification source file "CMakeCCompilerId.c" failed.
Compiler: /usr/bin/i686-w64-mingw32-gcc -std=c++17;-Werror;-Wall
Build flags: 
Id flags: -c;-I__does_not_exist__ 

The output was:
1
cc1: error: command-line option ‘-std=c++17’ is valid for C++/ObjC++ but not for C [-Werror]
cc1: all warnings being treated as errors


Checking whether the C compiler is IAR using "" did not match "IAR .+ Compiler":
i686-w64-mingw32-gcc: fatal error: no input files
compilation terminated.
Checking whether the C compiler is IAR using "" did not match "IAR .+ Compiler":
i686-w64-mingw32-gcc: fatal error: no input files
compilation terminated.
Detecting C compiler ABI info failed to compile with the following output:
Change Dir: /mnt/d/Studies/Online/Learn Advanced Modern C++/Section 2/build/CMakeFiles/CMakeTmp

Run Build Command(s):/usr/bin/gmake -f Makefile cmTC_786fd/fast && gmake: Warning: File 'Makefile' has modification time 1.2 s in the future
/usr/bin/gmake  -f CMakeFiles/cmTC_786fd.dir/build.make CMakeFiles/cmTC_786fd.dir/build
gmake[1]: Entering directory '/mnt/d/Studies/Online/Learn Advanced Modern C++/Section 2/build/CMakeFiles/CMakeTmp'
gmake[1]: Warning: File 'CMakeFiles/cmTC_786fd.dir/flags.make' has modification time 1.2 s in the future
Building C object CMakeFiles/cmTC_786fd.dir/CMakeCCompilerABI.c.obj
/usr/bin/i686-w64-mingw32-gcc -std=c++17 -Werror -Wall    -o CMakeFiles/cmTC_786fd.dir/CMakeCCompilerABI.c.obj -c /usr/share/cmake-3.22/Modules/CMakeCCompilerABI.c
cc1: error: command-line option '-std=c++17' is valid for C++/ObjC++ but not for C [-Werror]
cc1: all warnings being treated as errors
gmake[1]: *** [CMakeFiles/cmTC_786fd.dir/build.make:78: CMakeFiles/cmTC_786fd.dir/CMakeCCompilerABI.c.obj] Error 1
gmake[1]: Leaving directory '/mnt/d/Studies/Online/Learn Advanced Modern C++/Section 2/build/CMakeFiles/CMakeTmp'
gmake: *** [Makefile:127: cmTC_786fd/fast] Error 2




Determining if the C compiler works failed with the following output:
Change Dir: /mnt/d/Studies/Online/Learn Advanced Modern C++/Section 2/build/CMakeFiles/CMakeTmp

Run Build Command(s):/usr/bin/gmake -f Makefile cmTC_99576/fast && gmake: Warning: File 'Makefile' has modification time 0.92 s in the future
/usr/bin/gmake  -f CMakeFiles/cmTC_99576.dir/build.make CMakeFiles/cmTC_99576.dir/build
gmake[1]: Entering directory '/mnt/d/Studies/Online/Learn Advanced Modern C++/Section 2/build/CMakeFiles/CMakeTmp'
gmake[1]: Warning: File 'CMakeFiles/cmTC_99576.dir/flags.make' has modification time 0.92 s in the future
Building C object CMakeFiles/cmTC_99576.dir/testCCompiler.c.obj
/usr/bin/i686-w64-mingw32-gcc -std=c++17 -Werror -Wall    -o CMakeFiles/cmTC_99576.dir/testCCompiler.c.obj -c "/mnt/d/Studies/Online/Learn Advanced Modern C++/Section 2/build/CMakeFiles/CMakeTmp/testCCompiler.c"
cc1: error: command-line option ‘-std=c++17’ is valid for C++/ObjC++ but not for C [-Werror]
cc1: all warnings being treated as errors
gmake[1]: *** [CMakeFiles/cmTC_99576.dir/build.make:78: CMakeFiles/cmTC_99576.dir/testCCompiler.c.obj] Error 1
gmake[1]: Leaving directory '/mnt/d/Studies/Online/Learn Advanced Modern C++/Section 2/build/CMakeFiles/CMakeTmp'
gmake: *** [Makefile:127: cmTC_99576/fast] Error 2



The C compiler identification could not be found in "/mnt/d/Studies/Online/Learn Advanced Modern C++/Section 2/build/CMakeFiles/3.22.1/CompilerIdC/a.exe"

