The target system is: Windows -  - 
The host system is: Linux - 5.15.146.1-microsoft-standard-WSL2 - x86_64
Compiling the C compiler identification source file "CMakeCCompilerId.c" succeeded.
Compiler: /usr/bin/i686-w64-mingw32-gcc-posix 
Build flags: 
Id flags:  

The output was:
0


Compilation of the C compiler identification source "CMakeCCompilerId.c" produced "a.exe"

The C compiler identification is GNU, found in "/mnt/d/Studies/Online/Computer Graphics with Modern OpenGL and C++/Libs/ASSIMP/CMakeFiles/3.22.1/CompilerIdC/a.exe"

Compiling the CXX compiler identification source file "CMakeCXXCompilerId.cpp" succeeded.
Compiler: /usr/bin/i686-w64-mingw32-g++-posix 
Build flags: 
Id flags:  

The output was:
0


Compilation of the CXX compiler identification source "CMakeCXXCompilerId.cpp" produced "a.exe"

Compiling the CXX compiler identification source file "CMakeCXXCompilerId.cpp" succeeded.
Compiler: /usr/bin/i686-w64-mingw32-g++-posix 
Build flags: 
Id flags: -c 

The output was:
0


Compilation of the CXX compiler identification source "CMakeCXXCompilerId.cpp" produced "CMakeCXXCompilerId.o"

The CXX compiler identification is GNU, found in "/mnt/d/Studies/Online/Computer Graphics with Modern OpenGL and C++/Libs/ASSIMP/CMakeFiles/3.22.1/CompilerIdCXX/CMakeCXXCompilerId.o"

Detecting C compiler ABI info compiled with the following output:
Change Dir: /mnt/d/Studies/Online/Computer Graphics with Modern OpenGL and C++/Libs/ASSIMP/CMakeFiles/CMakeTmp

Run Build Command(s):/usr/bin/gmake -f Makefile cmTC_bb0ea/fast && gmake: Warning: File 'Makefile' has modification time 1.6 s in the future
/usr/bin/gmake  -f CMakeFiles/cmTC_bb0ea.dir/build.make CMakeFiles/cmTC_bb0ea.dir/build
gmake[1]: Entering directory '/mnt/d/Studies/Online/Computer Graphics with Modern OpenGL and C++/Libs/ASSIMP/CMakeFiles/CMakeTmp'
gmake[1]: Warning: File 'CMakeFiles/cmTC_bb0ea.dir/flags.make' has modification time 1.6 s in the future
Building C object CMakeFiles/cmTC_bb0ea.dir/CMakeCCompilerABI.c.obj
/usr/bin/i686-w64-mingw32-gcc-posix   -v -o CMakeFiles/cmTC_bb0ea.dir/CMakeCCompilerABI.c.obj -c /usr/share/cmake-3.22/Modules/CMakeCCompilerABI.c
Using built-in specs.
COLLECT_GCC=/usr/bin/i686-w64-mingw32-gcc-posix
Target: i686-w64-mingw32
Configured with: ../../src/configure --build=x86_64-linux-gnu --prefix=/usr --includedir='/usr/include' --mandir='/usr/share/man' --infodir='/usr/share/info' --sysconfdir=/etc --localstatedir=/var --disable-option-checking --disable-silent-rules --libdir='/usr/lib/x86_64-linux-gnu' --libexecdir='/usr/lib/x86_64-linux-gnu' --disable-maintainer-mode --disable-dependency-tracking --prefix=/usr --enable-shared --enable-static --disable-multilib --with-system-zlib --libexecdir=/usr/lib --without-included-gettext --libdir=/usr/lib --enable-libstdcxx-time=yes --with-tune=generic --with-headers --enable-version-specific-runtime-libs --enable-fully-dynamic-string --enable-libgomp --enable-languages=c,c++,fortran,objc,obj-c++,ada --enable-lto --enable-threads=posix --program-suffix=-posix --program-prefix=i686-w64-mingw32- --target=i686-w64-mingw32 --with-as=/usr/bin/i686-w64-mingw32-as --with-ld=/usr/bin/i686-w64-mingw32-ld --enable-libatomic --enable-libstdcxx-filesystem-ts=yes --enable-dependency-tracking SED=/bin/sed --disable-sjlj-exceptions --with-dwarf2
Thread model: posix
Supported LTO compression algorithms: zlib
gcc version 10-posix 20220113 (GCC) 
COLLECT_GCC_OPTIONS='-v' '-o' 'CMakeFiles/cmTC_bb0ea.dir/CMakeCCompilerABI.c.obj' '-c' '-mtune=generic' '-march=pentiumpro'
 /usr/lib/gcc/i686-w64-mingw32/10-posix/cc1 -quiet -v -D_REENTRANT /usr/share/cmake-3.22/Modules/CMakeCCompilerABI.c -quiet -dumpbase CMakeCCompilerABI.c -mtune=generic -march=pentiumpro -auxbase-strip CMakeFiles/cmTC_bb0ea.dir/CMakeCCompilerABI.c.obj -version -o /tmp/ccVEK19a.s
GNU C17 (GCC) version 10-posix 20220113 (i686-w64-mingw32)
	compiled by GNU C version 10.3.0, GMP version 6.2.1, MPFR version 4.1.0, MPC version 1.2.1, isl version isl-0.24-GMP

GGC heuristics: --param ggc-min-expand=100 --param ggc-min-heapsize=131072
ignoring nonexistent directory "/usr/lib/gcc/i686-w64-mingw32/10-posix/../../../../i686-w64-mingw32/sys-include"
#include "..." search starts here:
#include <...> search starts here:
 /usr/lib/gcc/i686-w64-mingw32/10-posix/include
 /usr/lib/gcc/i686-w64-mingw32/10-posix/include-fixed
 /usr/lib/gcc/i686-w64-mingw32/10-posix/../../../../i686-w64-mingw32/include
End of search list.
GNU C17 (GCC) version 10-posix 20220113 (i686-w64-mingw32)
	compiled by GNU C version 10.3.0, GMP version 6.2.1, MPFR version 4.1.0, MPC version 1.2.1, isl version isl-0.24-GMP

GGC heuristics: --param ggc-min-expand=100 --param ggc-min-heapsize=131072
Compiler executable checksum: 25c78dfefde6c09c94137e56a8a340b4
COLLECT_GCC_OPTIONS='-v' '-o' 'CMakeFiles/cmTC_bb0ea.dir/CMakeCCompilerABI.c.obj' '-c' '-mtune=generic' '-march=pentiumpro'
 /usr/bin/i686-w64-mingw32-as -v -o CMakeFiles/cmTC_bb0ea.dir/CMakeCCompilerABI.c.obj /tmp/ccVEK19a.s
GNU assembler version 2.38 (i686-w64-mingw32) using BFD version (GNU Binutils) 2.38
COMPILER_PATH=/usr/lib/gcc/i686-w64-mingw32/10-posix/:/usr/lib/gcc/i686-w64-mingw32/10-posix/:/usr/lib/gcc/i686-w64-mingw32/:/usr/lib/gcc/i686-w64-mingw32/10-posix/:/usr/lib/gcc/i686-w64-mingw32/:/usr/lib/gcc/i686-w64-mingw32/10-posix/../../../../i686-w64-mingw32/bin/
LIBRARY_PATH=/usr/lib/gcc/i686-w64-mingw32/10-posix/:/usr/lib/gcc/i686-w64-mingw32/10-posix/../../../../i686-w64-mingw32/lib/../lib/:/usr/lib/gcc/i686-w64-mingw32/10-posix/../../../../i686-w64-mingw32/lib/
COLLECT_GCC_OPTIONS='-v' '-o' 'CMakeFiles/cmTC_bb0ea.dir/CMakeCCompilerABI.c.obj' '-c' '-mtune=generic' '-march=pentiumpro'
Linking C executable cmTC_bb0ea.exe
/usr/bin/cmake -E cmake_link_script CMakeFiles/cmTC_bb0ea.dir/link.txt --verbose=1
/usr/bin/cmake -E rm -f CMakeFiles/cmTC_bb0ea.dir/objects.a
/usr/bin/i686-w64-mingw32-ar qc CMakeFiles/cmTC_bb0ea.dir/objects.a @CMakeFiles/cmTC_bb0ea.dir/objects1.rsp
/usr/bin/i686-w64-mingw32-gcc-posix  -v -Wl,--whole-archive CMakeFiles/cmTC_bb0ea.dir/objects.a -Wl,--no-whole-archive -o cmTC_bb0ea.exe -Wl,--out-implib,libcmTC_bb0ea.dll.a -Wl,--major-image-version,0,--minor-image-version,0 
Using built-in specs.
COLLECT_GCC=/usr/bin/i686-w64-mingw32-gcc-posix
COLLECT_LTO_WRAPPER=/usr/lib/gcc/i686-w64-mingw32/10-posix/lto-wrapper
Target: i686-w64-mingw32
Configured with: ../../src/configure --build=x86_64-linux-gnu --prefix=/usr --includedir='/usr/include' --mandir='/usr/share/man' --infodir='/usr/share/info' --sysconfdir=/etc --localstatedir=/var --disable-option-checking --disable-silent-rules --libdir='/usr/lib/x86_64-linux-gnu' --libexecdir='/usr/lib/x86_64-linux-gnu' --disable-maintainer-mode --disable-dependency-tracking --prefix=/usr --enable-shared --enable-static --disable-multilib --with-system-zlib --libexecdir=/usr/lib --without-included-gettext --libdir=/usr/lib --enable-libstdcxx-time=yes --with-tune=generic --with-headers --enable-version-specific-runtime-libs --enable-fully-dynamic-string --enable-libgomp --enable-languages=c,c++,fortran,objc,obj-c++,ada --enable-lto --enable-threads=posix --program-suffix=-posix --program-prefix=i686-w64-mingw32- --target=i686-w64-mingw32 --with-as=/usr/bin/i686-w64-mingw32-as --with-ld=/usr/bin/i686-w64-mingw32-ld --enable-libatomic --enable-libstdcxx-filesystem-ts=yes --enable-dependency-tracking SED=/bin/sed --disable-sjlj-exceptions --with-dwarf2
Thread model: posix
Supported LTO compression algorithms: zlib
gcc version 10-posix 20220113 (GCC) 
COMPILER_PATH=/usr/lib/gcc/i686-w64-mingw32/10-posix/:/usr/lib/gcc/i686-w64-mingw32/10-posix/:/usr/lib/gcc/i686-w64-mingw32/:/usr/lib/gcc/i686-w64-mingw32/10-posix/:/usr/lib/gcc/i686-w64-mingw32/:/usr/lib/gcc/i686-w64-mingw32/10-posix/../../../../i686-w64-mingw32/bin/
LIBRARY_PATH=/usr/lib/gcc/i686-w64-mingw32/10-posix/:/usr/lib/gcc/i686-w64-mingw32/10-posix/../../../../i686-w64-mingw32/lib/../lib/:/usr/lib/gcc/i686-w64-mingw32/10-posix/../../../../i686-w64-mingw32/lib/
COLLECT_GCC_OPTIONS='-v' '-o' 'cmTC_bb0ea.exe' '-mtune=generic' '-march=pentiumpro'
 /usr/lib/gcc/i686-w64-mingw32/10-posix/collect2 -plugin /usr/lib/gcc/i686-w64-mingw32/10-posix/liblto_plugin.so -plugin-opt=/usr/lib/gcc/i686-w64-mingw32/10-posix/lto-wrapper -plugin-opt=-fresolution=/tmp/cc3mianu.res -plugin-opt=-pass-through=-lmingw32 -plugin-opt=-pass-through=-lgcc -plugin-opt=-pass-through=-lgcc_eh -plugin-opt=-pass-through=-lmoldname -plugin-opt=-pass-through=-lmingwex -plugin-opt=-pass-through=-lmsvcrt -plugin-opt=-pass-through=-lpthread -plugin-opt=-pass-through=-ladvapi32 -plugin-opt=-pass-through=-lshell32 -plugin-opt=-pass-through=-luser32 -plugin-opt=-pass-through=-lkernel32 -plugin-opt=-pass-through=-lmingw32 -plugin-opt=-pass-through=-lgcc -plugin-opt=-pass-through=-lgcc_eh -plugin-opt=-pass-through=-lmoldname -plugin-opt=-pass-through=-lmingwex -plugin-opt=-pass-through=-lmsvcrt -m i386pe -Bdynamic -o cmTC_bb0ea.exe /usr/lib/gcc/i686-w64-mingw32/10-posix/../../../../i686-w64-mingw32/lib/../lib/crt2.o /usr/lib/gcc/i686-w64-mingw32/10-posix/crtbegin.o -L/usr/lib/gcc/i686-w64-mingw32/10-posix -L/usr/lib/gcc/i686-w64-mingw32/10-posix/../../../../i686-w64-mingw32/lib/../lib -L/usr/lib/gcc/i686-w64-mingw32/10-posix/../../../../i686-w64-mingw32/lib --whole-archive CMakeFiles/cmTC_bb0ea.dir/objects.a --no-whole-archive --out-implib libcmTC_bb0ea.dll.a --major-image-version 0 --minor-image-version 0 -lmingw32 -lgcc -lgcc_eh -lmoldname -lmingwex -lmsvcrt -lpthread -ladvapi32 -lshell32 -luser32 -lkernel32 -lmingw32 -lgcc -lgcc_eh -lmoldname -lmingwex -lmsvcrt /usr/lib/gcc/i686-w64-mingw32/10-posix/crtend.o
COLLECT_GCC_OPTIONS='-v' '-o' 'cmTC_bb0ea.exe' '-mtune=generic' '-march=pentiumpro'
gmake[1]: warning:  Clock skew detected.  Your build may be incomplete.
gmake[1]: Leaving directory '/mnt/d/Studies/Online/Computer Graphics with Modern OpenGL and C++/Libs/ASSIMP/CMakeFiles/CMakeTmp'
gmake: warning:  Clock skew detected.  Your build may be incomplete.



Parsed C implicit include dir info from above output: rv=done
  found start of include info
  found start of implicit include info
    add: [/usr/lib/gcc/i686-w64-mingw32/10-posix/include]
    add: [/usr/lib/gcc/i686-w64-mingw32/10-posix/include-fixed]
    add: [/usr/lib/gcc/i686-w64-mingw32/10-posix/../../../../i686-w64-mingw32/include]
  end of search list found
  collapse include dir [/usr/lib/gcc/i686-w64-mingw32/10-posix/include] ==> [/usr/lib/gcc/i686-w64-mingw32/10-posix/include]
  collapse include dir [/usr/lib/gcc/i686-w64-mingw32/10-posix/include-fixed] ==> [/usr/lib/gcc/i686-w64-mingw32/10-posix/include-fixed]
  collapse include dir [/usr/lib/gcc/i686-w64-mingw32/10-posix/../../../../i686-w64-mingw32/include] ==> [/usr/i686-w64-mingw32/include]
  implicit include dirs: [/usr/lib/gcc/i686-w64-mingw32/10-posix/include;/usr/lib/gcc/i686-w64-mingw32/10-posix/include-fixed;/usr/i686-w64-mingw32/include]


Parsed C implicit link information from above output:
  link line regex: [^( *|.*[/\])(i686-w64-mingw32-ld|CMAKE_LINK_STARTFILE-NOTFOUND|([^/\]+-)?ld|collect2)[^/\]*( |$)]
  ignore line: [Change Dir: /mnt/d/Studies/Online/Computer Graphics with Modern OpenGL and C++/Libs/ASSIMP/CMakeFiles/CMakeTmp]
  ignore line: []
  ignore line: [Run Build Command(s):/usr/bin/gmake -f Makefile cmTC_bb0ea/fast && gmake: Warning: File 'Makefile' has modification time 1.6 s in the future]
  ignore line: [/usr/bin/gmake  -f CMakeFiles/cmTC_bb0ea.dir/build.make CMakeFiles/cmTC_bb0ea.dir/build]
  ignore line: [gmake[1]: Entering directory '/mnt/d/Studies/Online/Computer Graphics with Modern OpenGL and C++/Libs/ASSIMP/CMakeFiles/CMakeTmp']
  ignore line: [gmake[1]: Warning: File 'CMakeFiles/cmTC_bb0ea.dir/flags.make' has modification time 1.6 s in the future]
  ignore line: [Building C object CMakeFiles/cmTC_bb0ea.dir/CMakeCCompilerABI.c.obj]
  ignore line: [/usr/bin/i686-w64-mingw32-gcc-posix   -v -o CMakeFiles/cmTC_bb0ea.dir/CMakeCCompilerABI.c.obj -c /usr/share/cmake-3.22/Modules/CMakeCCompilerABI.c]
  ignore line: [Using built-in specs.]
  ignore line: [COLLECT_GCC=/usr/bin/i686-w64-mingw32-gcc-posix]
  ignore line: [Target: i686-w64-mingw32]
  ignore line: [Configured with: ../../src/configure --build=x86_64-linux-gnu --prefix=/usr --includedir='/usr/include' --mandir='/usr/share/man' --infodir='/usr/share/info' --sysconfdir=/etc --localstatedir=/var --disable-option-checking --disable-silent-rules --libdir='/usr/lib/x86_64-linux-gnu' --libexecdir='/usr/lib/x86_64-linux-gnu' --disable-maintainer-mode --disable-dependency-tracking --prefix=/usr --enable-shared --enable-static --disable-multilib --with-system-zlib --libexecdir=/usr/lib --without-included-gettext --libdir=/usr/lib --enable-libstdcxx-time=yes --with-tune=generic --with-headers --enable-version-specific-runtime-libs --enable-fully-dynamic-string --enable-libgomp --enable-languages=c,c++,fortran,objc,obj-c++,ada --enable-lto --enable-threads=posix --program-suffix=-posix --program-prefix=i686-w64-mingw32- --target=i686-w64-mingw32 --with-as=/usr/bin/i686-w64-mingw32-as --with-ld=/usr/bin/i686-w64-mingw32-ld --enable-libatomic --enable-libstdcxx-filesystem-ts=yes --enable-dependency-tracking SED=/bin/sed --disable-sjlj-exceptions --with-dwarf2]
  ignore line: [Thread model: posix]
  ignore line: [Supported LTO compression algorithms: zlib]
  ignore line: [gcc version 10-posix 20220113 (GCC) ]
  ignore line: [COLLECT_GCC_OPTIONS='-v' '-o' 'CMakeFiles/cmTC_bb0ea.dir/CMakeCCompilerABI.c.obj' '-c' '-mtune=generic' '-march=pentiumpro']
  ignore line: [ /usr/lib/gcc/i686-w64-mingw32/10-posix/cc1 -quiet -v -D_REENTRANT /usr/share/cmake-3.22/Modules/CMakeCCompilerABI.c -quiet -dumpbase CMakeCCompilerABI.c -mtune=generic -march=pentiumpro -auxbase-strip CMakeFiles/cmTC_bb0ea.dir/CMakeCCompilerABI.c.obj -version -o /tmp/ccVEK19a.s]
  ignore line: [GNU C17 (GCC) version 10-posix 20220113 (i686-w64-mingw32)]
  ignore line: [	compiled by GNU C version 10.3.0  GMP version 6.2.1  MPFR version 4.1.0  MPC version 1.2.1  isl version isl-0.24-GMP]
  ignore line: []
  ignore line: [GGC heuristics: --param ggc-min-expand=100 --param ggc-min-heapsize=131072]
  ignore line: [ignoring nonexistent directory "/usr/lib/gcc/i686-w64-mingw32/10-posix/../../../../i686-w64-mingw32/sys-include"]
  ignore line: [#include "..." search starts here:]
  ignore line: [#include <...> search starts here:]
  ignore line: [ /usr/lib/gcc/i686-w64-mingw32/10-posix/include]
  ignore line: [ /usr/lib/gcc/i686-w64-mingw32/10-posix/include-fixed]
  ignore line: [ /usr/lib/gcc/i686-w64-mingw32/10-posix/../../../../i686-w64-mingw32/include]
  ignore line: [End of search list.]
  ignore line: [GNU C17 (GCC) version 10-posix 20220113 (i686-w64-mingw32)]
  ignore line: [	compiled by GNU C version 10.3.0  GMP version 6.2.1  MPFR version 4.1.0  MPC version 1.2.1  isl version isl-0.24-GMP]
  ignore line: []
  ignore line: [GGC heuristics: --param ggc-min-expand=100 --param ggc-min-heapsize=131072]
  ignore line: [Compiler executable checksum: 25c78dfefde6c09c94137e56a8a340b4]
  ignore line: [COLLECT_GCC_OPTIONS='-v' '-o' 'CMakeFiles/cmTC_bb0ea.dir/CMakeCCompilerABI.c.obj' '-c' '-mtune=generic' '-march=pentiumpro']
  ignore line: [ /usr/bin/i686-w64-mingw32-as -v -o CMakeFiles/cmTC_bb0ea.dir/CMakeCCompilerABI.c.obj /tmp/ccVEK19a.s]
  ignore line: [GNU assembler version 2.38 (i686-w64-mingw32) using BFD version (GNU Binutils) 2.38]
  ignore line: [COMPILER_PATH=/usr/lib/gcc/i686-w64-mingw32/10-posix/:/usr/lib/gcc/i686-w64-mingw32/10-posix/:/usr/lib/gcc/i686-w64-mingw32/:/usr/lib/gcc/i686-w64-mingw32/10-posix/:/usr/lib/gcc/i686-w64-mingw32/:/usr/lib/gcc/i686-w64-mingw32/10-posix/../../../../i686-w64-mingw32/bin/]
  ignore line: [LIBRARY_PATH=/usr/lib/gcc/i686-w64-mingw32/10-posix/:/usr/lib/gcc/i686-w64-mingw32/10-posix/../../../../i686-w64-mingw32/lib/../lib/:/usr/lib/gcc/i686-w64-mingw32/10-posix/../../../../i686-w64-mingw32/lib/]
  ignore line: [COLLECT_GCC_OPTIONS='-v' '-o' 'CMakeFiles/cmTC_bb0ea.dir/CMakeCCompilerABI.c.obj' '-c' '-mtune=generic' '-march=pentiumpro']
  ignore line: [Linking C executable cmTC_bb0ea.exe]
  ignore line: [/usr/bin/cmake -E cmake_link_script CMakeFiles/cmTC_bb0ea.dir/link.txt --verbose=1]
  ignore line: [/usr/bin/cmake -E rm -f CMakeFiles/cmTC_bb0ea.dir/objects.a]
  ignore line: [/usr/bin/i686-w64-mingw32-ar qc CMakeFiles/cmTC_bb0ea.dir/objects.a @CMakeFiles/cmTC_bb0ea.dir/objects1.rsp]
  ignore line: [/usr/bin/i686-w64-mingw32-gcc-posix  -v -Wl --whole-archive CMakeFiles/cmTC_bb0ea.dir/objects.a -Wl --no-whole-archive -o cmTC_bb0ea.exe -Wl --out-implib libcmTC_bb0ea.dll.a -Wl --major-image-version 0 --minor-image-version 0 ]
  ignore line: [Using built-in specs.]
  ignore line: [COLLECT_GCC=/usr/bin/i686-w64-mingw32-gcc-posix]
  ignore line: [COLLECT_LTO_WRAPPER=/usr/lib/gcc/i686-w64-mingw32/10-posix/lto-wrapper]
  ignore line: [Target: i686-w64-mingw32]
  ignore line: [Configured with: ../../src/configure --build=x86_64-linux-gnu --prefix=/usr --includedir='/usr/include' --mandir='/usr/share/man' --infodir='/usr/share/info' --sysconfdir=/etc --localstatedir=/var --disable-option-checking --disable-silent-rules --libdir='/usr/lib/x86_64-linux-gnu' --libexecdir='/usr/lib/x86_64-linux-gnu' --disable-maintainer-mode --disable-dependency-tracking --prefix=/usr --enable-shared --enable-static --disable-multilib --with-system-zlib --libexecdir=/usr/lib --without-included-gettext --libdir=/usr/lib --enable-libstdcxx-time=yes --with-tune=generic --with-headers --enable-version-specific-runtime-libs --enable-fully-dynamic-string --enable-libgomp --enable-languages=c,c++,fortran,objc,obj-c++,ada --enable-lto --enable-threads=posix --program-suffix=-posix --program-prefix=i686-w64-mingw32- --target=i686-w64-mingw32 --with-as=/usr/bin/i686-w64-mingw32-as --with-ld=/usr/bin/i686-w64-mingw32-ld --enable-libatomic --enable-libstdcxx-filesystem-ts=yes --enable-dependency-tracking SED=/bin/sed --disable-sjlj-exceptions --with-dwarf2]
  ignore line: [Thread model: posix]
  ignore line: [Supported LTO compression algorithms: zlib]
  ignore line: [gcc version 10-posix 20220113 (GCC) ]
  ignore line: [COMPILER_PATH=/usr/lib/gcc/i686-w64-mingw32/10-posix/:/usr/lib/gcc/i686-w64-mingw32/10-posix/:/usr/lib/gcc/i686-w64-mingw32/:/usr/lib/gcc/i686-w64-mingw32/10-posix/:/usr/lib/gcc/i686-w64-mingw32/:/usr/lib/gcc/i686-w64-mingw32/10-posix/../../../../i686-w64-mingw32/bin/]
  ignore line: [LIBRARY_PATH=/usr/lib/gcc/i686-w64-mingw32/10-posix/:/usr/lib/gcc/i686-w64-mingw32/10-posix/../../../../i686-w64-mingw32/lib/../lib/:/usr/lib/gcc/i686-w64-mingw32/10-posix/../../../../i686-w64-mingw32/lib/]
  ignore line: [COLLECT_GCC_OPTIONS='-v' '-o' 'cmTC_bb0ea.exe' '-mtune=generic' '-march=pentiumpro']
  link line: [ /usr/lib/gcc/i686-w64-mingw32/10-posix/collect2 -plugin /usr/lib/gcc/i686-w64-mingw32/10-posix/liblto_plugin.so -plugin-opt=/usr/lib/gcc/i686-w64-mingw32/10-posix/lto-wrapper -plugin-opt=-fresolution=/tmp/cc3mianu.res -plugin-opt=-pass-through=-lmingw32 -plugin-opt=-pass-through=-lgcc -plugin-opt=-pass-through=-lgcc_eh -plugin-opt=-pass-through=-lmoldname -plugin-opt=-pass-through=-lmingwex -plugin-opt=-pass-through=-lmsvcrt -plugin-opt=-pass-through=-lpthread -plugin-opt=-pass-through=-ladvapi32 -plugin-opt=-pass-through=-lshell32 -plugin-opt=-pass-through=-luser32 -plugin-opt=-pass-through=-lkernel32 -plugin-opt=-pass-through=-lmingw32 -plugin-opt=-pass-through=-lgcc -plugin-opt=-pass-through=-lgcc_eh -plugin-opt=-pass-through=-lmoldname -plugin-opt=-pass-through=-lmingwex -plugin-opt=-pass-through=-lmsvcrt -m i386pe -Bdynamic -o cmTC_bb0ea.exe /usr/lib/gcc/i686-w64-mingw32/10-posix/../../../../i686-w64-mingw32/lib/../lib/crt2.o /usr/lib/gcc/i686-w64-mingw32/10-posix/crtbegin.o -L/usr/lib/gcc/i686-w64-mingw32/10-posix -L/usr/lib/gcc/i686-w64-mingw32/10-posix/../../../../i686-w64-mingw32/lib/../lib -L/usr/lib/gcc/i686-w64-mingw32/10-posix/../../../../i686-w64-mingw32/lib --whole-archive CMakeFiles/cmTC_bb0ea.dir/objects.a --no-whole-archive --out-implib libcmTC_bb0ea.dll.a --major-image-version 0 --minor-image-version 0 -lmingw32 -lgcc -lgcc_eh -lmoldname -lmingwex -lmsvcrt -lpthread -ladvapi32 -lshell32 -luser32 -lkernel32 -lmingw32 -lgcc -lgcc_eh -lmoldname -lmingwex -lmsvcrt /usr/lib/gcc/i686-w64-mingw32/10-posix/crtend.o]
    arg [/usr/lib/gcc/i686-w64-mingw32/10-posix/collect2] ==> ignore
    arg [-plugin] ==> ignore
    arg [/usr/lib/gcc/i686-w64-mingw32/10-posix/liblto_plugin.so] ==> ignore
    arg [-plugin-opt=/usr/lib/gcc/i686-w64-mingw32/10-posix/lto-wrapper] ==> ignore
    arg [-plugin-opt=-fresolution=/tmp/cc3mianu.res] ==> ignore
    arg [-plugin-opt=-pass-through=-lmingw32] ==> ignore
    arg [-plugin-opt=-pass-through=-lgcc] ==> ignore
    arg [-plugin-opt=-pass-through=-lgcc_eh] ==> ignore
    arg [-plugin-opt=-pass-through=-lmoldname] ==> ignore
    arg [-plugin-opt=-pass-through=-lmingwex] ==> ignore
    arg [-plugin-opt=-pass-through=-lmsvcrt] ==> ignore
    arg [-plugin-opt=-pass-through=-lpthread] ==> ignore
    arg [-plugin-opt=-pass-through=-ladvapi32] ==> ignore
    arg [-plugin-opt=-pass-through=-lshell32] ==> ignore
    arg [-plugin-opt=-pass-through=-luser32] ==> ignore
    arg [-plugin-opt=-pass-through=-lkernel32] ==> ignore
    arg [-plugin-opt=-pass-through=-lmingw32] ==> ignore
    arg [-plugin-opt=-pass-through=-lgcc] ==> ignore
    arg [-plugin-opt=-pass-through=-lgcc_eh] ==> ignore
    arg [-plugin-opt=-pass-through=-lmoldname] ==> ignore
    arg [-plugin-opt=-pass-through=-lmingwex] ==> ignore
    arg [-plugin-opt=-pass-through=-lmsvcrt] ==> ignore
    arg [-m] ==> ignore
    arg [i386pe] ==> ignore
    arg [-Bdynamic] ==> search dynamic
    arg [-o] ==> ignore
    arg [cmTC_bb0ea.exe] ==> ignore
    arg [/usr/lib/gcc/i686-w64-mingw32/10-posix/../../../../i686-w64-mingw32/lib/../lib/crt2.o] ==> obj [/usr/lib/gcc/i686-w64-mingw32/10-posix/../../../../i686-w64-mingw32/lib/../lib/crt2.o]
    arg [/usr/lib/gcc/i686-w64-mingw32/10-posix/crtbegin.o] ==> obj [/usr/lib/gcc/i686-w64-mingw32/10-posix/crtbegin.o]
    arg [-L/usr/lib/gcc/i686-w64-mingw32/10-posix] ==> dir [/usr/lib/gcc/i686-w64-mingw32/10-posix]
    arg [-L/usr/lib/gcc/i686-w64-mingw32/10-posix/../../../../i686-w64-mingw32/lib/../lib] ==> dir [/usr/lib/gcc/i686-w64-mingw32/10-posix/../../../../i686-w64-mingw32/lib/../lib]
    arg [-L/usr/lib/gcc/i686-w64-mingw32/10-posix/../../../../i686-w64-mingw32/lib] ==> dir [/usr/lib/gcc/i686-w64-mingw32/10-posix/../../../../i686-w64-mingw32/lib]
    arg [--whole-archive] ==> ignore
    arg [CMakeFiles/cmTC_bb0ea.dir/objects.a] ==> ignore
    arg [--no-whole-archive] ==> ignore
    arg [--out-implib] ==> ignore
    arg [libcmTC_bb0ea.dll.a] ==> ignore
    arg [--major-image-version] ==> ignore
    arg [0] ==> ignore
    arg [--minor-image-version] ==> ignore
    arg [0] ==> ignore
    arg [-lmingw32] ==> lib [mingw32]
    arg [-lgcc] ==> lib [gcc]
    arg [-lgcc_eh] ==> lib [gcc_eh]
    arg [-lmoldname] ==> lib [moldname]
    arg [-lmingwex] ==> lib [mingwex]
    arg [-lmsvcrt] ==> lib [msvcrt]
    arg [-lpthread] ==> lib [pthread]
    arg [-ladvapi32] ==> lib [advapi32]
    arg [-lshell32] ==> lib [shell32]
    arg [-luser32] ==> lib [user32]
    arg [-lkernel32] ==> lib [kernel32]
    arg [-lmingw32] ==> lib [mingw32]
    arg [-lgcc] ==> lib [gcc]
    arg [-lgcc_eh] ==> lib [gcc_eh]
    arg [-lmoldname] ==> lib [moldname]
    arg [-lmingwex] ==> lib [mingwex]
    arg [-lmsvcrt] ==> lib [msvcrt]
    arg [/usr/lib/gcc/i686-w64-mingw32/10-posix/crtend.o] ==> obj [/usr/lib/gcc/i686-w64-mingw32/10-posix/crtend.o]
  remove lib [gcc_eh]
  remove lib [msvcrt]
  remove lib [gcc_eh]
  remove lib [msvcrt]
  collapse obj [/usr/lib/gcc/i686-w64-mingw32/10-posix/../../../../i686-w64-mingw32/lib/../lib/crt2.o] ==> [/usr/i686-w64-mingw32/lib/crt2.o]
  collapse library dir [/usr/lib/gcc/i686-w64-mingw32/10-posix] ==> [/usr/lib/gcc/i686-w64-mingw32/10-posix]
  collapse library dir [/usr/lib/gcc/i686-w64-mingw32/10-posix/../../../../i686-w64-mingw32/lib/../lib] ==> [/usr/i686-w64-mingw32/lib]
  collapse library dir [/usr/lib/gcc/i686-w64-mingw32/10-posix/../../../../i686-w64-mingw32/lib] ==> [/usr/i686-w64-mingw32/lib]
  implicit libs: [mingw32;gcc;moldname;mingwex;pthread;advapi32;shell32;user32;kernel32;mingw32;gcc;moldname;mingwex]
  implicit objs: [/usr/i686-w64-mingw32/lib/crt2.o;/usr/lib/gcc/i686-w64-mingw32/10-posix/crtbegin.o;/usr/lib/gcc/i686-w64-mingw32/10-posix/crtend.o]
  implicit dirs: [/usr/lib/gcc/i686-w64-mingw32/10-posix;/usr/i686-w64-mingw32/lib]
  implicit fwks: []


Detecting CXX compiler ABI info compiled with the following output:
Change Dir: /mnt/d/Studies/Online/Computer Graphics with Modern OpenGL and C++/Libs/ASSIMP/CMakeFiles/CMakeTmp

Run Build Command(s):/usr/bin/gmake -f Makefile cmTC_71338/fast && /usr/bin/gmake  -f CMakeFiles/cmTC_71338.dir/build.make CMakeFiles/cmTC_71338.dir/build
gmake[1]: Entering directory '/mnt/d/Studies/Online/Computer Graphics with Modern OpenGL and C++/Libs/ASSIMP/CMakeFiles/CMakeTmp'
Building CXX object CMakeFiles/cmTC_71338.dir/CMakeCXXCompilerABI.cpp.obj
/usr/bin/i686-w64-mingw32-g++-posix   -v -o CMakeFiles/cmTC_71338.dir/CMakeCXXCompilerABI.cpp.obj -c /usr/share/cmake-3.22/Modules/CMakeCXXCompilerABI.cpp
Using built-in specs.
COLLECT_GCC=/usr/bin/i686-w64-mingw32-g++-posix
Target: i686-w64-mingw32
Configured with: ../../src/configure --build=x86_64-linux-gnu --prefix=/usr --includedir='/usr/include' --mandir='/usr/share/man' --infodir='/usr/share/info' --sysconfdir=/etc --localstatedir=/var --disable-option-checking --disable-silent-rules --libdir='/usr/lib/x86_64-linux-gnu' --libexecdir='/usr/lib/x86_64-linux-gnu' --disable-maintainer-mode --disable-dependency-tracking --prefix=/usr --enable-shared --enable-static --disable-multilib --with-system-zlib --libexecdir=/usr/lib --without-included-gettext --libdir=/usr/lib --enable-libstdcxx-time=yes --with-tune=generic --with-headers --enable-version-specific-runtime-libs --enable-fully-dynamic-string --enable-libgomp --enable-languages=c,c++,fortran,objc,obj-c++,ada --enable-lto --enable-threads=posix --program-suffix=-posix --program-prefix=i686-w64-mingw32- --target=i686-w64-mingw32 --with-as=/usr/bin/i686-w64-mingw32-as --with-ld=/usr/bin/i686-w64-mingw32-ld --enable-libatomic --enable-libstdcxx-filesystem-ts=yes --enable-dependency-tracking SED=/bin/sed --disable-sjlj-exceptions --with-dwarf2
Thread model: posix
Supported LTO compression algorithms: zlib
gcc version 10-posix 20220113 (GCC) 
COLLECT_GCC_OPTIONS='-v' '-o' 'CMakeFiles/cmTC_71338.dir/CMakeCXXCompilerABI.cpp.obj' '-c' '-shared-libgcc' '-mtune=generic' '-march=pentiumpro'
 /usr/lib/gcc/i686-w64-mingw32/10-posix/cc1plus -quiet -v -D_REENTRANT /usr/share/cmake-3.22/Modules/CMakeCXXCompilerABI.cpp -quiet -dumpbase CMakeCXXCompilerABI.cpp -mtune=generic -march=pentiumpro -auxbase-strip CMakeFiles/cmTC_71338.dir/CMakeCXXCompilerABI.cpp.obj -version -o /tmp/cce8YcSe.s
GNU C++14 (GCC) version 10-posix 20220113 (i686-w64-mingw32)
	compiled by GNU C version 10.3.0, GMP version 6.2.1, MPFR version 4.1.0, MPC version 1.2.1, isl version isl-0.24-GMP

GGC heuristics: --param ggc-min-expand=100 --param ggc-min-heapsize=131072
ignoring nonexistent directory "/usr/lib/gcc/i686-w64-mingw32/10-posix/../../../../i686-w64-mingw32/sys-include"
#include "..." search starts here:
#include <...> search starts here:
 /usr/lib/gcc/i686-w64-mingw32/10-posix/include/c++
 /usr/lib/gcc/i686-w64-mingw32/10-posix/include/c++/i686-w64-mingw32
 /usr/lib/gcc/i686-w64-mingw32/10-posix/include/c++/backward
 /usr/lib/gcc/i686-w64-mingw32/10-posix/include
 /usr/lib/gcc/i686-w64-mingw32/10-posix/include-fixed
 /usr/lib/gcc/i686-w64-mingw32/10-posix/../../../../i686-w64-mingw32/include
End of search list.
GNU C++14 (GCC) version 10-posix 20220113 (i686-w64-mingw32)
	compiled by GNU C version 10.3.0, GMP version 6.2.1, MPFR version 4.1.0, MPC version 1.2.1, isl version isl-0.24-GMP

GGC heuristics: --param ggc-min-expand=100 --param ggc-min-heapsize=131072
Compiler executable checksum: 91ddcb08215f39295889017431f2096a
COLLECT_GCC_OPTIONS='-v' '-o' 'CMakeFiles/cmTC_71338.dir/CMakeCXXCompilerABI.cpp.obj' '-c' '-shared-libgcc' '-mtune=generic' '-march=pentiumpro'
 /usr/bin/i686-w64-mingw32-as -v -o CMakeFiles/cmTC_71338.dir/CMakeCXXCompilerABI.cpp.obj /tmp/cce8YcSe.s
GNU assembler version 2.38 (i686-w64-mingw32) using BFD version (GNU Binutils) 2.38
COMPILER_PATH=/usr/lib/gcc/i686-w64-mingw32/10-posix/:/usr/lib/gcc/i686-w64-mingw32/10-posix/:/usr/lib/gcc/i686-w64-mingw32/:/usr/lib/gcc/i686-w64-mingw32/10-posix/:/usr/lib/gcc/i686-w64-mingw32/:/usr/lib/gcc/i686-w64-mingw32/10-posix/../../../../i686-w64-mingw32/bin/
LIBRARY_PATH=/usr/lib/gcc/i686-w64-mingw32/10-posix/:/usr/lib/gcc/i686-w64-mingw32/10-posix/../../../../i686-w64-mingw32/lib/../lib/:/usr/lib/gcc/i686-w64-mingw32/10-posix/../../../../i686-w64-mingw32/lib/
COLLECT_GCC_OPTIONS='-v' '-o' 'CMakeFiles/cmTC_71338.dir/CMakeCXXCompilerABI.cpp.obj' '-c' '-shared-libgcc' '-mtune=generic' '-march=pentiumpro'
Linking CXX executable cmTC_71338.exe
/usr/bin/cmake -E cmake_link_script CMakeFiles/cmTC_71338.dir/link.txt --verbose=1
/usr/bin/cmake -E rm -f CMakeFiles/cmTC_71338.dir/objects.a
/usr/bin/i686-w64-mingw32-ar qc CMakeFiles/cmTC_71338.dir/objects.a @CMakeFiles/cmTC_71338.dir/objects1.rsp
/usr/bin/i686-w64-mingw32-g++-posix  -v -Wl,--whole-archive CMakeFiles/cmTC_71338.dir/objects.a -Wl,--no-whole-archive -o cmTC_71338.exe -Wl,--out-implib,libcmTC_71338.dll.a -Wl,--major-image-version,0,--minor-image-version,0 
Using built-in specs.
COLLECT_GCC=/usr/bin/i686-w64-mingw32-g++-posix
COLLECT_LTO_WRAPPER=/usr/lib/gcc/i686-w64-mingw32/10-posix/lto-wrapper
Target: i686-w64-mingw32
Configured with: ../../src/configure --build=x86_64-linux-gnu --prefix=/usr --includedir='/usr/include' --mandir='/usr/share/man' --infodir='/usr/share/info' --sysconfdir=/etc --localstatedir=/var --disable-option-checking --disable-silent-rules --libdir='/usr/lib/x86_64-linux-gnu' --libexecdir='/usr/lib/x86_64-linux-gnu' --disable-maintainer-mode --disable-dependency-tracking --prefix=/usr --enable-shared --enable-static --disable-multilib --with-system-zlib --libexecdir=/usr/lib --without-included-gettext --libdir=/usr/lib --enable-libstdcxx-time=yes --with-tune=generic --with-headers --enable-version-specific-runtime-libs --enable-fully-dynamic-string --enable-libgomp --enable-languages=c,c++,fortran,objc,obj-c++,ada --enable-lto --enable-threads=posix --program-suffix=-posix --program-prefix=i686-w64-mingw32- --target=i686-w64-mingw32 --with-as=/usr/bin/i686-w64-mingw32-as --with-ld=/usr/bin/i686-w64-mingw32-ld --enable-libatomic --enable-libstdcxx-filesystem-ts=yes --enable-dependency-tracking SED=/bin/sed --disable-sjlj-exceptions --with-dwarf2
Thread model: posix
Supported LTO compression algorithms: zlib
gcc version 10-posix 20220113 (GCC) 
COMPILER_PATH=/usr/lib/gcc/i686-w64-mingw32/10-posix/:/usr/lib/gcc/i686-w64-mingw32/10-posix/:/usr/lib/gcc/i686-w64-mingw32/:/usr/lib/gcc/i686-w64-mingw32/10-posix/:/usr/lib/gcc/i686-w64-mingw32/:/usr/lib/gcc/i686-w64-mingw32/10-posix/../../../../i686-w64-mingw32/bin/
LIBRARY_PATH=/usr/lib/gcc/i686-w64-mingw32/10-posix/:/usr/lib/gcc/i686-w64-mingw32/10-posix/../../../../i686-w64-mingw32/lib/../lib/:/usr/lib/gcc/i686-w64-mingw32/10-posix/../../../../i686-w64-mingw32/lib/
COLLECT_GCC_OPTIONS='-v' '-o' 'cmTC_71338.exe' '-shared-libgcc' '-mtune=generic' '-march=pentiumpro'
 /usr/lib/gcc/i686-w64-mingw32/10-posix/collect2 -plugin /usr/lib/gcc/i686-w64-mingw32/10-posix/liblto_plugin.so -plugin-opt=/usr/lib/gcc/i686-w64-mingw32/10-posix/lto-wrapper -plugin-opt=-fresolution=/tmp/ccDXkjBA.res -plugin-opt=-pass-through=-lmingw32 -plugin-opt=-pass-through=-lgcc_s -plugin-opt=-pass-through=-lgcc -plugin-opt=-pass-through=-lmoldname -plugin-opt=-pass-through=-lmingwex -plugin-opt=-pass-through=-lmsvcrt -plugin-opt=-pass-through=-lpthread -plugin-opt=-pass-through=-ladvapi32 -plugin-opt=-pass-through=-lshell32 -plugin-opt=-pass-through=-luser32 -plugin-opt=-pass-through=-lkernel32 -plugin-opt=-pass-through=-lmingw32 -plugin-opt=-pass-through=-lgcc_s -plugin-opt=-pass-through=-lgcc -plugin-opt=-pass-through=-lmoldname -plugin-opt=-pass-through=-lmingwex -plugin-opt=-pass-through=-lmsvcrt -m i386pe -Bdynamic -u ___register_frame_info -u ___deregister_frame_info -o cmTC_71338.exe /usr/lib/gcc/i686-w64-mingw32/10-posix/../../../../i686-w64-mingw32/lib/../lib/crt2.o /usr/lib/gcc/i686-w64-mingw32/10-posix/crtbegin.o -L/usr/lib/gcc/i686-w64-mingw32/10-posix -L/usr/lib/gcc/i686-w64-mingw32/10-posix/../../../../i686-w64-mingw32/lib/../lib -L/usr/lib/gcc/i686-w64-mingw32/10-posix/../../../../i686-w64-mingw32/lib --whole-archive CMakeFiles/cmTC_71338.dir/objects.a --no-whole-archive --out-implib libcmTC_71338.dll.a --major-image-version 0 --minor-image-version 0 -lstdc++ -lmingw32 -lgcc_s -lgcc -lmoldname -lmingwex -lmsvcrt -lpthread -ladvapi32 -lshell32 -luser32 -lkernel32 -lmingw32 -lgcc_s -lgcc -lmoldname -lmingwex -lmsvcrt /usr/lib/gcc/i686-w64-mingw32/10-posix/crtend.o
COLLECT_GCC_OPTIONS='-v' '-o' 'cmTC_71338.exe' '-shared-libgcc' '-mtune=generic' '-march=pentiumpro'
gmake[1]: Leaving directory '/mnt/d/Studies/Online/Computer Graphics with Modern OpenGL and C++/Libs/ASSIMP/CMakeFiles/CMakeTmp'



Parsed CXX implicit include dir info from above output: rv=done
  found start of include info
  found start of implicit include info
    add: [/usr/lib/gcc/i686-w64-mingw32/10-posix/include/c++]
    add: [/usr/lib/gcc/i686-w64-mingw32/10-posix/include/c++/i686-w64-mingw32]
    add: [/usr/lib/gcc/i686-w64-mingw32/10-posix/include/c++/backward]
    add: [/usr/lib/gcc/i686-w64-mingw32/10-posix/include]
    add: [/usr/lib/gcc/i686-w64-mingw32/10-posix/include-fixed]
    add: [/usr/lib/gcc/i686-w64-mingw32/10-posix/../../../../i686-w64-mingw32/include]
  end of search list found
  collapse include dir [/usr/lib/gcc/i686-w64-mingw32/10-posix/include/c++] ==> [/usr/lib/gcc/i686-w64-mingw32/10-posix/include/c++]
  collapse include dir [/usr/lib/gcc/i686-w64-mingw32/10-posix/include/c++/i686-w64-mingw32] ==> [/usr/lib/gcc/i686-w64-mingw32/10-posix/include/c++/i686-w64-mingw32]
  collapse include dir [/usr/lib/gcc/i686-w64-mingw32/10-posix/include/c++/backward] ==> [/usr/lib/gcc/i686-w64-mingw32/10-posix/include/c++/backward]
  collapse include dir [/usr/lib/gcc/i686-w64-mingw32/10-posix/include] ==> [/usr/lib/gcc/i686-w64-mingw32/10-posix/include]
  collapse include dir [/usr/lib/gcc/i686-w64-mingw32/10-posix/include-fixed] ==> [/usr/lib/gcc/i686-w64-mingw32/10-posix/include-fixed]
  collapse include dir [/usr/lib/gcc/i686-w64-mingw32/10-posix/../../../../i686-w64-mingw32/include] ==> [/usr/i686-w64-mingw32/include]
  implicit include dirs: [/usr/lib/gcc/i686-w64-mingw32/10-posix/include/c++;/usr/lib/gcc/i686-w64-mingw32/10-posix/include/c++/i686-w64-mingw32;/usr/lib/gcc/i686-w64-mingw32/10-posix/include/c++/backward;/usr/lib/gcc/i686-w64-mingw32/10-posix/include;/usr/lib/gcc/i686-w64-mingw32/10-posix/include-fixed;/usr/i686-w64-mingw32/include]


Parsed CXX implicit link information from above output:
  link line regex: [^( *|.*[/\])(i686-w64-mingw32-ld|CMAKE_LINK_STARTFILE-NOTFOUND|([^/\]+-)?ld|collect2)[^/\]*( |$)]
  ignore line: [Change Dir: /mnt/d/Studies/Online/Computer Graphics with Modern OpenGL and C++/Libs/ASSIMP/CMakeFiles/CMakeTmp]
  ignore line: []
  ignore line: [Run Build Command(s):/usr/bin/gmake -f Makefile cmTC_71338/fast && /usr/bin/gmake  -f CMakeFiles/cmTC_71338.dir/build.make CMakeFiles/cmTC_71338.dir/build]
  ignore line: [gmake[1]: Entering directory '/mnt/d/Studies/Online/Computer Graphics with Modern OpenGL and C++/Libs/ASSIMP/CMakeFiles/CMakeTmp']
  ignore line: [Building CXX object CMakeFiles/cmTC_71338.dir/CMakeCXXCompilerABI.cpp.obj]
  ignore line: [/usr/bin/i686-w64-mingw32-g++-posix   -v -o CMakeFiles/cmTC_71338.dir/CMakeCXXCompilerABI.cpp.obj -c /usr/share/cmake-3.22/Modules/CMakeCXXCompilerABI.cpp]
  ignore line: [Using built-in specs.]
  ignore line: [COLLECT_GCC=/usr/bin/i686-w64-mingw32-g++-posix]
  ignore line: [Target: i686-w64-mingw32]
  ignore line: [Configured with: ../../src/configure --build=x86_64-linux-gnu --prefix=/usr --includedir='/usr/include' --mandir='/usr/share/man' --infodir='/usr/share/info' --sysconfdir=/etc --localstatedir=/var --disable-option-checking --disable-silent-rules --libdir='/usr/lib/x86_64-linux-gnu' --libexecdir='/usr/lib/x86_64-linux-gnu' --disable-maintainer-mode --disable-dependency-tracking --prefix=/usr --enable-shared --enable-static --disable-multilib --with-system-zlib --libexecdir=/usr/lib --without-included-gettext --libdir=/usr/lib --enable-libstdcxx-time=yes --with-tune=generic --with-headers --enable-version-specific-runtime-libs --enable-fully-dynamic-string --enable-libgomp --enable-languages=c,c++,fortran,objc,obj-c++,ada --enable-lto --enable-threads=posix --program-suffix=-posix --program-prefix=i686-w64-mingw32- --target=i686-w64-mingw32 --with-as=/usr/bin/i686-w64-mingw32-as --with-ld=/usr/bin/i686-w64-mingw32-ld --enable-libatomic --enable-libstdcxx-filesystem-ts=yes --enable-dependency-tracking SED=/bin/sed --disable-sjlj-exceptions --with-dwarf2]
  ignore line: [Thread model: posix]
  ignore line: [Supported LTO compression algorithms: zlib]
  ignore line: [gcc version 10-posix 20220113 (GCC) ]
  ignore line: [COLLECT_GCC_OPTIONS='-v' '-o' 'CMakeFiles/cmTC_71338.dir/CMakeCXXCompilerABI.cpp.obj' '-c' '-shared-libgcc' '-mtune=generic' '-march=pentiumpro']
  ignore line: [ /usr/lib/gcc/i686-w64-mingw32/10-posix/cc1plus -quiet -v -D_REENTRANT /usr/share/cmake-3.22/Modules/CMakeCXXCompilerABI.cpp -quiet -dumpbase CMakeCXXCompilerABI.cpp -mtune=generic -march=pentiumpro -auxbase-strip CMakeFiles/cmTC_71338.dir/CMakeCXXCompilerABI.cpp.obj -version -o /tmp/cce8YcSe.s]
  ignore line: [GNU C++14 (GCC) version 10-posix 20220113 (i686-w64-mingw32)]
  ignore line: [	compiled by GNU C version 10.3.0  GMP version 6.2.1  MPFR version 4.1.0  MPC version 1.2.1  isl version isl-0.24-GMP]
  ignore line: []
  ignore line: [GGC heuristics: --param ggc-min-expand=100 --param ggc-min-heapsize=131072]
  ignore line: [ignoring nonexistent directory "/usr/lib/gcc/i686-w64-mingw32/10-posix/../../../../i686-w64-mingw32/sys-include"]
  ignore line: [#include "..." search starts here:]
  ignore line: [#include <...> search starts here:]
  ignore line: [ /usr/lib/gcc/i686-w64-mingw32/10-posix/include/c++]
  ignore line: [ /usr/lib/gcc/i686-w64-mingw32/10-posix/include/c++/i686-w64-mingw32]
  ignore line: [ /usr/lib/gcc/i686-w64-mingw32/10-posix/include/c++/backward]
  ignore line: [ /usr/lib/gcc/i686-w64-mingw32/10-posix/include]
  ignore line: [ /usr/lib/gcc/i686-w64-mingw32/10-posix/include-fixed]
  ignore line: [ /usr/lib/gcc/i686-w64-mingw32/10-posix/../../../../i686-w64-mingw32/include]
  ignore line: [End of search list.]
  ignore line: [GNU C++14 (GCC) version 10-posix 20220113 (i686-w64-mingw32)]
  ignore line: [	compiled by GNU C version 10.3.0  GMP version 6.2.1  MPFR version 4.1.0  MPC version 1.2.1  isl version isl-0.24-GMP]
  ignore line: []
  ignore line: [GGC heuristics: --param ggc-min-expand=100 --param ggc-min-heapsize=131072]
  ignore line: [Compiler executable checksum: 91ddcb08215f39295889017431f2096a]
  ignore line: [COLLECT_GCC_OPTIONS='-v' '-o' 'CMakeFiles/cmTC_71338.dir/CMakeCXXCompilerABI.cpp.obj' '-c' '-shared-libgcc' '-mtune=generic' '-march=pentiumpro']
  ignore line: [ /usr/bin/i686-w64-mingw32-as -v -o CMakeFiles/cmTC_71338.dir/CMakeCXXCompilerABI.cpp.obj /tmp/cce8YcSe.s]
  ignore line: [GNU assembler version 2.38 (i686-w64-mingw32) using BFD version (GNU Binutils) 2.38]
  ignore line: [COMPILER_PATH=/usr/lib/gcc/i686-w64-mingw32/10-posix/:/usr/lib/gcc/i686-w64-mingw32/10-posix/:/usr/lib/gcc/i686-w64-mingw32/:/usr/lib/gcc/i686-w64-mingw32/10-posix/:/usr/lib/gcc/i686-w64-mingw32/:/usr/lib/gcc/i686-w64-mingw32/10-posix/../../../../i686-w64-mingw32/bin/]
  ignore line: [LIBRARY_PATH=/usr/lib/gcc/i686-w64-mingw32/10-posix/:/usr/lib/gcc/i686-w64-mingw32/10-posix/../../../../i686-w64-mingw32/lib/../lib/:/usr/lib/gcc/i686-w64-mingw32/10-posix/../../../../i686-w64-mingw32/lib/]
  ignore line: [COLLECT_GCC_OPTIONS='-v' '-o' 'CMakeFiles/cmTC_71338.dir/CMakeCXXCompilerABI.cpp.obj' '-c' '-shared-libgcc' '-mtune=generic' '-march=pentiumpro']
  ignore line: [Linking CXX executable cmTC_71338.exe]
  ignore line: [/usr/bin/cmake -E cmake_link_script CMakeFiles/cmTC_71338.dir/link.txt --verbose=1]
  ignore line: [/usr/bin/cmake -E rm -f CMakeFiles/cmTC_71338.dir/objects.a]
  ignore line: [/usr/bin/i686-w64-mingw32-ar qc CMakeFiles/cmTC_71338.dir/objects.a @CMakeFiles/cmTC_71338.dir/objects1.rsp]
  ignore line: [/usr/bin/i686-w64-mingw32-g++-posix  -v -Wl --whole-archive CMakeFiles/cmTC_71338.dir/objects.a -Wl --no-whole-archive -o cmTC_71338.exe -Wl --out-implib libcmTC_71338.dll.a -Wl --major-image-version 0 --minor-image-version 0 ]
  ignore line: [Using built-in specs.]
  ignore line: [COLLECT_GCC=/usr/bin/i686-w64-mingw32-g++-posix]
  ignore line: [COLLECT_LTO_WRAPPER=/usr/lib/gcc/i686-w64-mingw32/10-posix/lto-wrapper]
  ignore line: [Target: i686-w64-mingw32]
  ignore line: [Configured with: ../../src/configure --build=x86_64-linux-gnu --prefix=/usr --includedir='/usr/include' --mandir='/usr/share/man' --infodir='/usr/share/info' --sysconfdir=/etc --localstatedir=/var --disable-option-checking --disable-silent-rules --libdir='/usr/lib/x86_64-linux-gnu' --libexecdir='/usr/lib/x86_64-linux-gnu' --disable-maintainer-mode --disable-dependency-tracking --prefix=/usr --enable-shared --enable-static --disable-multilib --with-system-zlib --libexecdir=/usr/lib --without-included-gettext --libdir=/usr/lib --enable-libstdcxx-time=yes --with-tune=generic --with-headers --enable-version-specific-runtime-libs --enable-fully-dynamic-string --enable-libgomp --enable-languages=c,c++,fortran,objc,obj-c++,ada --enable-lto --enable-threads=posix --program-suffix=-posix --program-prefix=i686-w64-mingw32- --target=i686-w64-mingw32 --with-as=/usr/bin/i686-w64-mingw32-as --with-ld=/usr/bin/i686-w64-mingw32-ld --enable-libatomic --enable-libstdcxx-filesystem-ts=yes --enable-dependency-tracking SED=/bin/sed --disable-sjlj-exceptions --with-dwarf2]
  ignore line: [Thread model: posix]
  ignore line: [Supported LTO compression algorithms: zlib]
  ignore line: [gcc version 10-posix 20220113 (GCC) ]
  ignore line: [COMPILER_PATH=/usr/lib/gcc/i686-w64-mingw32/10-posix/:/usr/lib/gcc/i686-w64-mingw32/10-posix/:/usr/lib/gcc/i686-w64-mingw32/:/usr/lib/gcc/i686-w64-mingw32/10-posix/:/usr/lib/gcc/i686-w64-mingw32/:/usr/lib/gcc/i686-w64-mingw32/10-posix/../../../../i686-w64-mingw32/bin/]
  ignore line: [LIBRARY_PATH=/usr/lib/gcc/i686-w64-mingw32/10-posix/:/usr/lib/gcc/i686-w64-mingw32/10-posix/../../../../i686-w64-mingw32/lib/../lib/:/usr/lib/gcc/i686-w64-mingw32/10-posix/../../../../i686-w64-mingw32/lib/]
  ignore line: [COLLECT_GCC_OPTIONS='-v' '-o' 'cmTC_71338.exe' '-shared-libgcc' '-mtune=generic' '-march=pentiumpro']
  link line: [ /usr/lib/gcc/i686-w64-mingw32/10-posix/collect2 -plugin /usr/lib/gcc/i686-w64-mingw32/10-posix/liblto_plugin.so -plugin-opt=/usr/lib/gcc/i686-w64-mingw32/10-posix/lto-wrapper -plugin-opt=-fresolution=/tmp/ccDXkjBA.res -plugin-opt=-pass-through=-lmingw32 -plugin-opt=-pass-through=-lgcc_s -plugin-opt=-pass-through=-lgcc -plugin-opt=-pass-through=-lmoldname -plugin-opt=-pass-through=-lmingwex -plugin-opt=-pass-through=-lmsvcrt -plugin-opt=-pass-through=-lpthread -plugin-opt=-pass-through=-ladvapi32 -plugin-opt=-pass-through=-lshell32 -plugin-opt=-pass-through=-luser32 -plugin-opt=-pass-through=-lkernel32 -plugin-opt=-pass-through=-lmingw32 -plugin-opt=-pass-through=-lgcc_s -plugin-opt=-pass-through=-lgcc -plugin-opt=-pass-through=-lmoldname -plugin-opt=-pass-through=-lmingwex -plugin-opt=-pass-through=-lmsvcrt -m i386pe -Bdynamic -u ___register_frame_info -u ___deregister_frame_info -o cmTC_71338.exe /usr/lib/gcc/i686-w64-mingw32/10-posix/../../../../i686-w64-mingw32/lib/../lib/crt2.o /usr/lib/gcc/i686-w64-mingw32/10-posix/crtbegin.o -L/usr/lib/gcc/i686-w64-mingw32/10-posix -L/usr/lib/gcc/i686-w64-mingw32/10-posix/../../../../i686-w64-mingw32/lib/../lib -L/usr/lib/gcc/i686-w64-mingw32/10-posix/../../../../i686-w64-mingw32/lib --whole-archive CMakeFiles/cmTC_71338.dir/objects.a --no-whole-archive --out-implib libcmTC_71338.dll.a --major-image-version 0 --minor-image-version 0 -lstdc++ -lmingw32 -lgcc_s -lgcc -lmoldname -lmingwex -lmsvcrt -lpthread -ladvapi32 -lshell32 -luser32 -lkernel32 -lmingw32 -lgcc_s -lgcc -lmoldname -lmingwex -lmsvcrt /usr/lib/gcc/i686-w64-mingw32/10-posix/crtend.o]
    arg [/usr/lib/gcc/i686-w64-mingw32/10-posix/collect2] ==> ignore
    arg [-plugin] ==> ignore
    arg [/usr/lib/gcc/i686-w64-mingw32/10-posix/liblto_plugin.so] ==> ignore
    arg [-plugin-opt=/usr/lib/gcc/i686-w64-mingw32/10-posix/lto-wrapper] ==> ignore
    arg [-plugin-opt=-fresolution=/tmp/ccDXkjBA.res] ==> ignore
    arg [-plugin-opt=-pass-through=-lmingw32] ==> ignore
    arg [-plugin-opt=-pass-through=-lgcc_s] ==> ignore
    arg [-plugin-opt=-pass-through=-lgcc] ==> ignore
    arg [-plugin-opt=-pass-through=-lmoldname] ==> ignore
    arg [-plugin-opt=-pass-through=-lmingwex] ==> ignore
    arg [-plugin-opt=-pass-through=-lmsvcrt] ==> ignore
    arg [-plugin-opt=-pass-through=-lpthread] ==> ignore
    arg [-plugin-opt=-pass-through=-ladvapi32] ==> ignore
    arg [-plugin-opt=-pass-through=-lshell32] ==> ignore
    arg [-plugin-opt=-pass-through=-luser32] ==> ignore
    arg [-plugin-opt=-pass-through=-lkernel32] ==> ignore
    arg [-plugin-opt=-pass-through=-lmingw32] ==> ignore
    arg [-plugin-opt=-pass-through=-lgcc_s] ==> ignore
    arg [-plugin-opt=-pass-through=-lgcc] ==> ignore
    arg [-plugin-opt=-pass-through=-lmoldname] ==> ignore
    arg [-plugin-opt=-pass-through=-lmingwex] ==> ignore
    arg [-plugin-opt=-pass-through=-lmsvcrt] ==> ignore
    arg [-m] ==> ignore
    arg [i386pe] ==> ignore
    arg [-Bdynamic] ==> search dynamic
    arg [-u] ==> ignore
    arg [___register_frame_info] ==> ignore
    arg [-u] ==> ignore
    arg [___deregister_frame_info] ==> ignore
    arg [-o] ==> ignore
    arg [cmTC_71338.exe] ==> ignore
    arg [/usr/lib/gcc/i686-w64-mingw32/10-posix/../../../../i686-w64-mingw32/lib/../lib/crt2.o] ==> obj [/usr/lib/gcc/i686-w64-mingw32/10-posix/../../../../i686-w64-mingw32/lib/../lib/crt2.o]
    arg [/usr/lib/gcc/i686-w64-mingw32/10-posix/crtbegin.o] ==> obj [/usr/lib/gcc/i686-w64-mingw32/10-posix/crtbegin.o]
    arg [-L/usr/lib/gcc/i686-w64-mingw32/10-posix] ==> dir [/usr/lib/gcc/i686-w64-mingw32/10-posix]
    arg [-L/usr/lib/gcc/i686-w64-mingw32/10-posix/../../../../i686-w64-mingw32/lib/../lib] ==> dir [/usr/lib/gcc/i686-w64-mingw32/10-posix/../../../../i686-w64-mingw32/lib/../lib]
    arg [-L/usr/lib/gcc/i686-w64-mingw32/10-posix/../../../../i686-w64-mingw32/lib] ==> dir [/usr/lib/gcc/i686-w64-mingw32/10-posix/../../../../i686-w64-mingw32/lib]
    arg [--whole-archive] ==> ignore
    arg [CMakeFiles/cmTC_71338.dir/objects.a] ==> ignore
    arg [--no-whole-archive] ==> ignore
    arg [--out-implib] ==> ignore
    arg [libcmTC_71338.dll.a] ==> ignore
    arg [--major-image-version] ==> ignore
    arg [0] ==> ignore
    arg [--minor-image-version] ==> ignore
    arg [0] ==> ignore
    arg [-lstdc++] ==> lib [stdc++]
    arg [-lmingw32] ==> lib [mingw32]
    arg [-lgcc_s] ==> lib [gcc_s]
    arg [-lgcc] ==> lib [gcc]
    arg [-lmoldname] ==> lib [moldname]
    arg [-lmingwex] ==> lib [mingwex]
    arg [-lmsvcrt] ==> lib [msvcrt]
    arg [-lpthread] ==> lib [pthread]
    arg [-ladvapi32] ==> lib [advapi32]
    arg [-lshell32] ==> lib [shell32]
    arg [-luser32] ==> lib [user32]
    arg [-lkernel32] ==> lib [kernel32]
    arg [-lmingw32] ==> lib [mingw32]
    arg [-lgcc_s] ==> lib [gcc_s]
    arg [-lgcc] ==> lib [gcc]
    arg [-lmoldname] ==> lib [moldname]
    arg [-lmingwex] ==> lib [mingwex]
    arg [-lmsvcrt] ==> lib [msvcrt]
    arg [/usr/lib/gcc/i686-w64-mingw32/10-posix/crtend.o] ==> obj [/usr/lib/gcc/i686-w64-mingw32/10-posix/crtend.o]
  remove lib [msvcrt]
  remove lib [msvcrt]
  collapse obj [/usr/lib/gcc/i686-w64-mingw32/10-posix/../../../../i686-w64-mingw32/lib/../lib/crt2.o] ==> [/usr/i686-w64-mingw32/lib/crt2.o]
  collapse library dir [/usr/lib/gcc/i686-w64-mingw32/10-posix] ==> [/usr/lib/gcc/i686-w64-mingw32/10-posix]
  collapse library dir [/usr/lib/gcc/i686-w64-mingw32/10-posix/../../../../i686-w64-mingw32/lib/../lib] ==> [/usr/i686-w64-mingw32/lib]
  collapse library dir [/usr/lib/gcc/i686-w64-mingw32/10-posix/../../../../i686-w64-mingw32/lib] ==> [/usr/i686-w64-mingw32/lib]
  implicit libs: [stdc++;mingw32;gcc_s;gcc;moldname;mingwex;pthread;advapi32;shell32;user32;kernel32;mingw32;gcc_s;gcc;moldname;mingwex]
  implicit objs: [/usr/i686-w64-mingw32/lib/crt2.o;/usr/lib/gcc/i686-w64-mingw32/10-posix/crtbegin.o;/usr/lib/gcc/i686-w64-mingw32/10-posix/crtend.o]
  implicit dirs: [/usr/lib/gcc/i686-w64-mingw32/10-posix;/usr/i686-w64-mingw32/lib]
  implicit fwks: []


Determining if the include file sys/types.h exists passed with the following output:
Change Dir: /mnt/d/Studies/Online/Computer Graphics with Modern OpenGL and C++/Libs/ASSIMP/CMakeFiles/CMakeTmp

Run Build Command(s):/usr/bin/gmake -f Makefile cmTC_408d9/fast && /usr/bin/gmake  -f CMakeFiles/cmTC_408d9.dir/build.make CMakeFiles/cmTC_408d9.dir/build
gmake[1]: Entering directory '/mnt/d/Studies/Online/Computer Graphics with Modern OpenGL and C++/Libs/ASSIMP/CMakeFiles/CMakeTmp'
Building C object CMakeFiles/cmTC_408d9.dir/CheckIncludeFile.c.obj
/usr/bin/i686-w64-mingw32-gcc-posix   -fno-strict-aliasing -fPIC   -std=gnu99 -o CMakeFiles/cmTC_408d9.dir/CheckIncludeFile.c.obj -c "/mnt/d/Studies/Online/Computer Graphics with Modern OpenGL and C++/Libs/ASSIMP/CMakeFiles/CMakeTmp/CheckIncludeFile.c"
Linking C executable cmTC_408d9.exe
/usr/bin/cmake -E cmake_link_script CMakeFiles/cmTC_408d9.dir/link.txt --verbose=1
/usr/bin/cmake -E rm -f CMakeFiles/cmTC_408d9.dir/objects.a
/usr/bin/i686-w64-mingw32-ar qc CMakeFiles/cmTC_408d9.dir/objects.a @CMakeFiles/cmTC_408d9.dir/objects1.rsp
/usr/bin/i686-w64-mingw32-gcc-posix -fno-strict-aliasing -fPIC   -Wl,--whole-archive CMakeFiles/cmTC_408d9.dir/objects.a -Wl,--no-whole-archive -o cmTC_408d9.exe -Wl,--out-implib,libcmTC_408d9.dll.a -Wl,--major-image-version,0,--minor-image-version,0 @CMakeFiles/cmTC_408d9.dir/linklibs.rsp
gmake[1]: Leaving directory '/mnt/d/Studies/Online/Computer Graphics with Modern OpenGL and C++/Libs/ASSIMP/CMakeFiles/CMakeTmp'



Determining if the include file stdint.h exists passed with the following output:
Change Dir: /mnt/d/Studies/Online/Computer Graphics with Modern OpenGL and C++/Libs/ASSIMP/CMakeFiles/CMakeTmp

Run Build Command(s):/usr/bin/gmake -f Makefile cmTC_65067/fast && gmake: Warning: File 'Makefile' has modification time 0.49 s in the future
/usr/bin/gmake  -f CMakeFiles/cmTC_65067.dir/build.make CMakeFiles/cmTC_65067.dir/build
gmake[1]: Entering directory '/mnt/d/Studies/Online/Computer Graphics with Modern OpenGL and C++/Libs/ASSIMP/CMakeFiles/CMakeTmp'
gmake[1]: Warning: File 'CMakeFiles/cmTC_65067.dir/flags.make' has modification time 0.48 s in the future
Building C object CMakeFiles/cmTC_65067.dir/CheckIncludeFile.c.obj
/usr/bin/i686-w64-mingw32-gcc-posix   -fno-strict-aliasing -fPIC   -std=gnu99 -o CMakeFiles/cmTC_65067.dir/CheckIncludeFile.c.obj -c "/mnt/d/Studies/Online/Computer Graphics with Modern OpenGL and C++/Libs/ASSIMP/CMakeFiles/CMakeTmp/CheckIncludeFile.c"
Linking C executable cmTC_65067.exe
/usr/bin/cmake -E cmake_link_script CMakeFiles/cmTC_65067.dir/link.txt --verbose=1
/usr/bin/cmake -E rm -f CMakeFiles/cmTC_65067.dir/objects.a
/usr/bin/i686-w64-mingw32-ar qc CMakeFiles/cmTC_65067.dir/objects.a @CMakeFiles/cmTC_65067.dir/objects1.rsp
/usr/bin/i686-w64-mingw32-gcc-posix -fno-strict-aliasing -fPIC   -Wl,--whole-archive CMakeFiles/cmTC_65067.dir/objects.a -Wl,--no-whole-archive -o cmTC_65067.exe -Wl,--out-implib,libcmTC_65067.dll.a -Wl,--major-image-version,0,--minor-image-version,0 @CMakeFiles/cmTC_65067.dir/linklibs.rsp
gmake[1]: warning:  Clock skew detected.  Your build may be incomplete.
gmake[1]: Leaving directory '/mnt/d/Studies/Online/Computer Graphics with Modern OpenGL and C++/Libs/ASSIMP/CMakeFiles/CMakeTmp'
gmake: warning:  Clock skew detected.  Your build may be incomplete.



Determining if the include file stddef.h exists passed with the following output:
Change Dir: /mnt/d/Studies/Online/Computer Graphics with Modern OpenGL and C++/Libs/ASSIMP/CMakeFiles/CMakeTmp

Run Build Command(s):/usr/bin/gmake -f Makefile cmTC_66368/fast && gmake: Warning: File 'Makefile' has modification time 0.95 s in the future
/usr/bin/gmake  -f CMakeFiles/cmTC_66368.dir/build.make CMakeFiles/cmTC_66368.dir/build
gmake[1]: Entering directory '/mnt/d/Studies/Online/Computer Graphics with Modern OpenGL and C++/Libs/ASSIMP/CMakeFiles/CMakeTmp'
gmake[1]: Warning: File 'CMakeFiles/cmTC_66368.dir/flags.make' has modification time 0.95 s in the future
Building C object CMakeFiles/cmTC_66368.dir/CheckIncludeFile.c.obj
/usr/bin/i686-w64-mingw32-gcc-posix   -fno-strict-aliasing -fPIC   -std=gnu99 -o CMakeFiles/cmTC_66368.dir/CheckIncludeFile.c.obj -c "/mnt/d/Studies/Online/Computer Graphics with Modern OpenGL and C++/Libs/ASSIMP/CMakeFiles/CMakeTmp/CheckIncludeFile.c"
Linking C executable cmTC_66368.exe
/usr/bin/cmake -E cmake_link_script CMakeFiles/cmTC_66368.dir/link.txt --verbose=1
/usr/bin/cmake -E rm -f CMakeFiles/cmTC_66368.dir/objects.a
/usr/bin/i686-w64-mingw32-ar qc CMakeFiles/cmTC_66368.dir/objects.a @CMakeFiles/cmTC_66368.dir/objects1.rsp
/usr/bin/i686-w64-mingw32-gcc-posix -fno-strict-aliasing -fPIC   -Wl,--whole-archive CMakeFiles/cmTC_66368.dir/objects.a -Wl,--no-whole-archive -o cmTC_66368.exe -Wl,--out-implib,libcmTC_66368.dll.a -Wl,--major-image-version,0,--minor-image-version,0 @CMakeFiles/cmTC_66368.dir/linklibs.rsp
gmake[1]: warning:  Clock skew detected.  Your build may be incomplete.
gmake[1]: Leaving directory '/mnt/d/Studies/Online/Computer Graphics with Modern OpenGL and C++/Libs/ASSIMP/CMakeFiles/CMakeTmp'
gmake: warning:  Clock skew detected.  Your build may be incomplete.



Determining size of off64_t passed with the following output:
Change Dir: /mnt/d/Studies/Online/Computer Graphics with Modern OpenGL and C++/Libs/ASSIMP/CMakeFiles/CMakeTmp

Run Build Command(s):/usr/bin/gmake -f Makefile cmTC_0932c/fast && gmake: Warning: File 'Makefile' has modification time 1.2 s in the future
/usr/bin/gmake  -f CMakeFiles/cmTC_0932c.dir/build.make CMakeFiles/cmTC_0932c.dir/build
gmake[1]: Entering directory '/mnt/d/Studies/Online/Computer Graphics with Modern OpenGL and C++/Libs/ASSIMP/CMakeFiles/CMakeTmp'
gmake[1]: Warning: File 'CMakeFiles/cmTC_0932c.dir/flags.make' has modification time 1.2 s in the future
Building C object CMakeFiles/cmTC_0932c.dir/OFF64_T.c.obj
/usr/bin/i686-w64-mingw32-gcc-posix -DHAVE_STDDEF_H -DHAVE_STDINT_H -DHAVE_SYS_TYPES_H -D_LARGEFILE64_SOURCE=1  -fno-strict-aliasing -fPIC   -std=gnu99 -o CMakeFiles/cmTC_0932c.dir/OFF64_T.c.obj -c "/mnt/d/Studies/Online/Computer Graphics with Modern OpenGL and C++/Libs/ASSIMP/CMakeFiles/CheckTypeSize/OFF64_T.c"
Linking C executable cmTC_0932c.exe
/usr/bin/cmake -E cmake_link_script CMakeFiles/cmTC_0932c.dir/link.txt --verbose=1
/usr/bin/cmake -E rm -f CMakeFiles/cmTC_0932c.dir/objects.a
/usr/bin/i686-w64-mingw32-ar qc CMakeFiles/cmTC_0932c.dir/objects.a @CMakeFiles/cmTC_0932c.dir/objects1.rsp
/usr/bin/i686-w64-mingw32-gcc-posix -fno-strict-aliasing -fPIC   -Wl,--whole-archive CMakeFiles/cmTC_0932c.dir/objects.a -Wl,--no-whole-archive -o cmTC_0932c.exe -Wl,--out-implib,libcmTC_0932c.dll.a -Wl,--major-image-version,0,--minor-image-version,0 @CMakeFiles/cmTC_0932c.dir/linklibs.rsp
gmake[1]: warning:  Clock skew detected.  Your build may be incomplete.
gmake[1]: Leaving directory '/mnt/d/Studies/Online/Computer Graphics with Modern OpenGL and C++/Libs/ASSIMP/CMakeFiles/CMakeTmp'
gmake: warning:  Clock skew detected.  Your build may be incomplete.



Determining if the function fseeko exists passed with the following output:
Change Dir: /mnt/d/Studies/Online/Computer Graphics with Modern OpenGL and C++/Libs/ASSIMP/CMakeFiles/CMakeTmp

Run Build Command(s):/usr/bin/gmake -f Makefile cmTC_1c3af/fast && gmake: Warning: File 'Makefile' has modification time 1.6 s in the future
/usr/bin/gmake  -f CMakeFiles/cmTC_1c3af.dir/build.make CMakeFiles/cmTC_1c3af.dir/build
gmake[1]: Entering directory '/mnt/d/Studies/Online/Computer Graphics with Modern OpenGL and C++/Libs/ASSIMP/CMakeFiles/CMakeTmp'
gmake[1]: Warning: File 'CMakeFiles/cmTC_1c3af.dir/flags.make' has modification time 1.6 s in the future
Building C object CMakeFiles/cmTC_1c3af.dir/CheckFunctionExists.c.obj
/usr/bin/i686-w64-mingw32-gcc-posix   -fno-strict-aliasing -fPIC  -DCHECK_FUNCTION_EXISTS=fseeko -std=gnu99 -o CMakeFiles/cmTC_1c3af.dir/CheckFunctionExists.c.obj -c /usr/share/cmake-3.22/Modules/CheckFunctionExists.c
Linking C executable cmTC_1c3af.exe
/usr/bin/cmake -E cmake_link_script CMakeFiles/cmTC_1c3af.dir/link.txt --verbose=1
/usr/bin/cmake -E rm -f CMakeFiles/cmTC_1c3af.dir/objects.a
/usr/bin/i686-w64-mingw32-ar qc CMakeFiles/cmTC_1c3af.dir/objects.a @CMakeFiles/cmTC_1c3af.dir/objects1.rsp
/usr/bin/i686-w64-mingw32-gcc-posix -fno-strict-aliasing -fPIC  -DCHECK_FUNCTION_EXISTS=fseeko -Wl,--whole-archive CMakeFiles/cmTC_1c3af.dir/objects.a -Wl,--no-whole-archive -o cmTC_1c3af.exe -Wl,--out-implib,libcmTC_1c3af.dll.a -Wl,--major-image-version,0,--minor-image-version,0 @CMakeFiles/cmTC_1c3af.dir/linklibs.rsp
gmake[1]: warning:  Clock skew detected.  Your build may be incomplete.
gmake[1]: Leaving directory '/mnt/d/Studies/Online/Computer Graphics with Modern OpenGL and C++/Libs/ASSIMP/CMakeFiles/CMakeTmp'
gmake: warning:  Clock skew detected.  Your build may be incomplete.



Determining if the include file unistd.h exists passed with the following output:
Change Dir: /mnt/d/Studies/Online/Computer Graphics with Modern OpenGL and C++/Libs/ASSIMP/CMakeFiles/CMakeTmp

Run Build Command(s):/usr/bin/gmake -f Makefile cmTC_46936/fast && gmake: Warning: File 'Makefile' has modification time 0.13 s in the future
/usr/bin/gmake  -f CMakeFiles/cmTC_46936.dir/build.make CMakeFiles/cmTC_46936.dir/build
gmake[1]: Entering directory '/mnt/d/Studies/Online/Computer Graphics with Modern OpenGL and C++/Libs/ASSIMP/CMakeFiles/CMakeTmp'
gmake[1]: Warning: File 'CMakeFiles/cmTC_46936.dir/flags.make' has modification time 0.13 s in the future
Building C object CMakeFiles/cmTC_46936.dir/CheckIncludeFile.c.obj
/usr/bin/i686-w64-mingw32-gcc-posix   -fno-strict-aliasing -fPIC   -std=gnu99 -o CMakeFiles/cmTC_46936.dir/CheckIncludeFile.c.obj -c "/mnt/d/Studies/Online/Computer Graphics with Modern OpenGL and C++/Libs/ASSIMP/CMakeFiles/CMakeTmp/CheckIncludeFile.c"
Linking C executable cmTC_46936.exe
/usr/bin/cmake -E cmake_link_script CMakeFiles/cmTC_46936.dir/link.txt --verbose=1
/usr/bin/cmake -E rm -f CMakeFiles/cmTC_46936.dir/objects.a
/usr/bin/i686-w64-mingw32-ar qc CMakeFiles/cmTC_46936.dir/objects.a @CMakeFiles/cmTC_46936.dir/objects1.rsp
/usr/bin/i686-w64-mingw32-gcc-posix -fno-strict-aliasing -fPIC   -Wl,--whole-archive CMakeFiles/cmTC_46936.dir/objects.a -Wl,--no-whole-archive -o cmTC_46936.exe -Wl,--out-implib,libcmTC_46936.dll.a -Wl,--major-image-version,0,--minor-image-version,0 @CMakeFiles/cmTC_46936.dir/linklibs.rsp
gmake[1]: warning:  Clock skew detected.  Your build may be incomplete.
gmake[1]: Leaving directory '/mnt/d/Studies/Online/Computer Graphics with Modern OpenGL and C++/Libs/ASSIMP/CMakeFiles/CMakeTmp'
gmake: warning:  Clock skew detected.  Your build may be incomplete.



